Component: ARM Compiler 5.06 update 6 (build 750) Tool: armlink [4d35ed]

==============================================================================

Section Cross References

    main.o(i.main) refers to _printf_percent.o(.ARM.Collect$$_printf_percent$$00000000) for _printf_percent
    main.o(i.main) refers to _printf_f.o(.ARM.Collect$$_printf_percent$$00000003) for _printf_f
    main.o(i.main) refers to printf1.o(x$fpl$printf1) for _printf_fp_dec
    main.o(i.main) refers to c_stdev.o(i.c_stdev) for c_stdev
    main.o(i.main) refers to asm_stdev.o(test) for asm_stdev
    main.o(i.main) refers to arm_std_f32.o(.text.arm_std_f32) for arm_std_f32
    main.o(i.main) refers to f2d.o(x$fpl$f2d) for __aeabi_f2d
    main.o(i.main) refers to noretval__2printf.o(.text) for __2printf
    main.o(i.main) refers to main.o(.data) for f1000_array
    c_stdev.o(i.c_stdev) refers to f2d.o(x$fpl$f2d) for __aeabi_f2d
    c_stdev.o(i.c_stdev) refers to pow.o(i.__hardfp_pow) for __hardfp_pow
    c_stdev.o(i.c_stdev) refers to d2f.o(x$fpl$d2f) for __aeabi_d2f
    retarget_io.o(i.ITM_ReceiveChar) refers to retarget_io.o(.data) for ITM_RxBuffer
    retarget_io.o(i._sys_open) refers to strcmpv7m.o(.text) for strcmp
    retarget_io.o(i._sys_write) refers to retarget_io.o(i.stdout_putchar) for stdout_putchar
    retarget_io.o(i.stdout_putchar) refers to retarget_io.o(i.ITM_SendChar) for ITM_SendChar
    startup_armcm4.o(STACK) refers (Special) to heapauxi.o(.text) for __use_two_region_memory
    startup_armcm4.o(HEAP) refers (Special) to heapauxi.o(.text) for __use_two_region_memory
    startup_armcm4.o(RESET) refers (Special) to heapauxi.o(.text) for __use_two_region_memory
    startup_armcm4.o(RESET) refers to startup_armcm4.o(STACK) for __initial_sp
    startup_armcm4.o(RESET) refers to startup_armcm4.o(.text) for Reset_Handler
    startup_armcm4.o(.text) refers (Special) to heapauxi.o(.text) for __use_two_region_memory
    startup_armcm4.o(.text) refers to system_armcm4.o(i.SystemInit) for SystemInit
    startup_armcm4.o(.text) refers to __main.o(!!!main) for __main
    system_armcm4.o(i.SystemCoreClockUpdate) refers to system_armcm4.o(.data) for SystemCoreClock
    system_armcm4.o(i.SystemInit) refers to startup_armcm4.o(RESET) for __Vectors
    system_armcm4.o(i.SystemInit) refers to system_armcm4.o(.data) for SystemCoreClock
    arm_std_f32.o(.text.arm_std_f32) refers to sqrtf.o(i.__hardfp_sqrtf) for __hardfp_sqrtf
    arm_std_f32.o(.ARM.exidx.text.arm_std_f32) refers to arm_std_f32.o(.text.arm_std_f32) for [Anonymous Symbol]
    __2printf.o(.text) refers to _printf_char_file.o(.text) for _printf_char_file
    __2printf.o(.text) refers to stdio_streams.o(.bss) for __stdout
    noretval__2printf.o(.text) refers to _printf_char_file.o(.text) for _printf_char_file
    noretval__2printf.o(.text) refers to stdio_streams.o(.bss) for __stdout
    __printf.o(.text) refers to _printf_percent.o(.ARM.Collect$$_printf_percent$$00000000) for _printf_percent
    __printf_flags.o(.text) refers to _printf_percent.o(.ARM.Collect$$_printf_percent$$00000000) for _printf_percent
    __printf_flags.o(.text) refers to __printf_flags.o(.constdata) for .constdata
    __printf_ss.o(.text) refers to _printf_percent.o(.ARM.Collect$$_printf_percent$$00000000) for _printf_percent
    __printf_flags_ss.o(.text) refers to _printf_percent.o(.ARM.Collect$$_printf_percent$$00000000) for _printf_percent
    __printf_flags_ss.o(.text) refers to __printf_flags_ss.o(.constdata) for .constdata
    __printf_wp.o(.text) refers to __printf_wp.o(i._is_digit) for _is_digit
    __printf_wp.o(.text) refers to _printf_percent.o(.ARM.Collect$$_printf_percent$$00000000) for _printf_percent
    __printf_flags_wp.o(.text) refers to __printf_wp.o(i._is_digit) for _is_digit
    __printf_flags_wp.o(.text) refers to _printf_percent.o(.ARM.Collect$$_printf_percent$$00000000) for _printf_percent
    __printf_flags_wp.o(.text) refers to __printf_flags_wp.o(.constdata) for .constdata
    __printf_ss_wp.o(.text) refers to __printf_wp.o(i._is_digit) for _is_digit
    __printf_ss_wp.o(.text) refers to _printf_percent.o(.ARM.Collect$$_printf_percent$$00000000) for _printf_percent
    __printf_flags_ss_wp.o(.text) refers to __printf_wp.o(i._is_digit) for _is_digit
    __printf_flags_ss_wp.o(.text) refers to _printf_percent.o(.ARM.Collect$$_printf_percent$$00000000) for _printf_percent
    __printf_flags_ss_wp.o(.text) refers to __printf_flags_ss_wp.o(.constdata) for .constdata
    _printf_f.o(.ARM.Collect$$_printf_percent$$00000003) refers (Weak) to printf1.o(x$fpl$printf1) for _printf_fp_dec
    _printf_percent.o(.ARM.Collect$$_printf_percent$$00000000) refers (Special) to _printf_percent_end.o(.ARM.Collect$$_printf_percent$$00000017) for _printf_percent_end
    __main.o(!!!main) refers to __rtentry.o(.ARM.Collect$$rtentry$$00000000) for __rt_entry
    d2f.o(x$fpl$d2f) refers (Special) to usenofp.o(x$fpl$usenofp) for __I$use$fp
[...]
    ../clib/heapalloc.c                      0x00000000   Number         0  term_alloc.o ABSOLUTE
    ../clib/heapalloc.c                      0x00000000   Number         0  malloc.o ABSOLUTE
    ../clib/heapalloc.c                      0x00000000   Number         0  maybetermalloc2.o ABSOLUTE
    ../clib/heapalloc.c                      0x00000000   Number         0  hguard.o ABSOLUTE
    ../clib/heapaux.c                        0x00000000   Number         0  heapauxa.o ABSOLUTE
    ../clib/heapaux.c                        0x00000000   Number         0  heapauxi.o ABSOLUTE
    ../clib/libinit.s                        0x00000000   Number         0  libshutdown.o ABSOLUTE
    ../clib/libinit.s                        0x00000000   Number         0  libinit.o ABSOLUTE
    ../clib/libinit.s                        0x00000000   Number         0  libinit2.o ABSOLUTE
    ../clib/libinit.s                        0x00000000   Number         0  libshutdown2.o ABSOLUTE
    ../clib/libinit.s                        0x00000000   Number         0  libinit3.o ABSOLUTE
    ../clib/locale.s                         0x00000000   Number         0  lc_numeric_c.o ABSOLUTE
    ../clib/longlong.s                       0x00000000   Number         0  lludiv10.o ABSOLUTE
    ../clib/memcpset.s                       0x00000000   Number         0  rt_memcpy_v6.o ABSOLUTE
    ../clib/memcpset.s                       0x00000000   Number         0  rt_memclr_w.o ABSOLUTE
    ../clib/memcpset.s                       0x00000000   Number         0  rt_memcpy_w.o ABSOLUTE
    ../clib/memcpset.s                       0x00000000   Number         0  strcmpv7m.o ABSOLUTE
    ../clib/printf.c                         0x00000000   Number         0  __printf_wp.o ABSOLUTE
    ../clib/printf.c                         0x00000000   Number         0  _printf_char_common.o ABSOLUTE
    ../clib/printf.c                         0x00000000   Number         0  _printf_fp_infnan.o ABSOLUTE
    ../clib/printf.c                         0x00000000   Number         0  __2printf.o ABSOLUTE
    ../clib/printf.c                         0x00000000   Number         0  noretval__2printf.o ABSOLUTE
    ../clib/printf.c                         0x00000000   Number         0  __printf.o ABSOLUTE
    ../clib/printf.c                         0x00000000   Number         0  __printf_flags.o ABSOLUTE
    ../clib/printf.c                         0x00000000   Number         0  __printf_ss.o ABSOLUTE
    ../clib/printf.c                         0x00000000   Number         0  __printf_flags_ss.o ABSOLUTE
    ../clib/printf.c                         0x00000000   Number         0  __printf_nopercent.o ABSOLUTE
    ../clib/printf.c                         0x00000000   Number         0  __printf_flags_wp.o ABSOLUTE
    ../clib/printf.c                         0x00000000   Number         0  __printf_ss_wp.o ABSOLUTE
    ../clib/printf.c                         0x00000000   Number         0  __printf_flags_ss_wp.o ABSOLUTE
    ../clib/printf.c                         0x00000000   Number         0  _printf_char_file_locked.o ABSOLUTE
    ../clib/printf.c                         0x00000000   Number         0  _printf_char_file.o ABSOLUTE
    ../clib/printf.c                         0x00000000   Number         0  _printf_fp_dec.o ABSOLUTE
    ../clib/printf_percent.s                 0x00000000   Number         0  _printf_percent_end.o ABSOLUTE
    ../clib/printf_percent.s                 0x00000000   Number         0  _printf_f.o ABSOLUTE
    ../clib/printf_percent.s                 0x00000000   Number         0  _printf_percent.o ABSOLUTE
    ../clib/signal.c                         0x00000000   Number         0  defsig_cppl_inner.o ABSOLUTE
    ../clib/signal.c                         0x00000000   Number         0  defsig_pvfn_inner.o ABSOLUTE
    ../clib/signal.c                         0x00000000   Number         0  defsig_stak_inner.o ABSOLUTE
    ../clib/signal.c                         0x00000000   Number         0  defsig_fpe_inner.o ABSOLUTE
    ../clib/signal.c                         0x00000000   Number         0  defsig_abrt_inner.o ABSOLUTE
    ../clib/signal.c                         0x00000000   Number         0  defsig_rtred_inner.o ABSOLUTE
    ../clib/signal.c                         0x00000000   Number         0  defsig_rtmem_formal.o ABSOLUTE
    ../clib/signal.c                         0x00000000   Number         0  defsig_exit.o ABSOLUTE
    ../clib/signal.c                         0x00000000   Number         0  __raise.o ABSOLUTE
    ../clib/signal.c                         0x00000000   Number         0  defsig_general.o ABSOLUTE
    ../clib/signal.c                         0x00000000   Number         0  defsig_rtmem_outer.o ABSOLUTE
    ../clib/signal.c                         0x00000000   Number         0  defsig_rtred_formal.o ABSOLUTE
    ../clib/signal.c                         0x00000000   Number         0  defsig_rtred_outer.o ABSOLUTE
    ../clib/signal.c                         0x00000000   Number         0  defsig_rtmem_inner.o ABSOLUTE
    ../clib/signal.c                         0x00000000   Number         0  defsig_other.o ABSOLUTE
    ../clib/signal.c                         0x00000000   Number         0  defsig_segv_inner.o ABSOLUTE
    ../clib/signal.s                         0x00000000   Number         0  defsig.o ABSOLUTE
    ../clib/stdio.c                          0x00000000   Number         0  fseek.o ABSOLUTE
    ../clib/stdio.c                          0x00000000   Number         0  fopen.o ABSOLUTE
    ../clib/stdio.c                          0x00000000   Number         0  fclose.o ABSOLUTE
    ../clib/stdio.c                          0x00000000   Number         0  setvbuf_locked.o ABSOLUTE
    ../clib/stdio.c                          0x00000000   Number         0  fopen_locked.o ABSOLUTE
    ../clib/stdio.c                          0x00000000   Number         0  initio.o ABSOLUTE
    ../clib/stdio.c                          0x00000000   Number         0  ferror.o ABSOLUTE
    ../clib/stdio.c                          0x00000000   Number         0  fwritefast_locked.o ABSOLUTE
    ../clib/stdio.c                          0x00000000   Number         0  fputc.o ABSOLUTE
    ../clib/stdio.c                          0x00000000   Number         0  fwritefast.o ABSOLUTE
    ../clib/stdio.c                          0x00000000   Number         0  fputs.o ABSOLUTE
    ../clib/stdio.c                          0x00000000   Number         0  stdio_streams.o ABSOLUTE
    ../clib/stdio.c                          0x00000000   Number         0  fputc_locked.o ABSOLUTE
    ../clib/stdio.c                          0x00000000   Number         0  ferror_locked.o ABSOLUTE
    ../clib/stdio.c                          0x00000000   Number         0  fflush.o ABSOLUTE
    ../clib/stdio.c                          0x00000000   Number         0  ftell.o ABSOLUTE
    ../clib/stdio.c                          0x00000000   Number         0  fputs_locked.o ABSOLUTE
    ../clib/stdio.c                          0x00000000   Number         0  streamlock.o ABSOLUTE
    ../clib/stdio.c                          0x00000000   Number         0  setvbuf.o ABSOLUTE
    ../clib/stdio.c                          0x00000000   Number         0  flsbuf.o ABSOLUTE
    ../clib/stdio.c                          0x00000000   Number         0  initio_locked.o ABSOLUTE
    ../clib/stdio.c                          0x00000000   Number         0  fflush_locked.o ABSOLUTE
    ../clib/stdio.c                          0x00000000   Number         0  stdio.o ABSOLUTE
    ../clib/stdlib.c                         0x00000000   Number         0  exit.o ABSOLUTE
    ../clib/wchar.c                          0x00000000   Number         0  flsbuf_fwide.o ABSOLUTE
    ../fplib/basic.s                         0x00000000   Number         0  basic.o ABSOLUTE
    ../fplib/d2f.s                           0x00000000   Number         0  d2f.o ABSOLUTE
    ../fplib/daddsub.s                       0x00000000   Number         0  daddsub_clz.o ABSOLUTE
    ../fplib/dcheck1.s                       0x00000000   Number         0  dcheck1.o ABSOLUTE
    ../fplib/dcmpi.s                         0x00000000   Number         0  dcmpi.o ABSOLUTE
    ../fplib/ddiv.s                          0x00000000   Number         0  ddiv.o ABSOLUTE
    ../fplib/dflt.s                          0x00000000   Number         0  dflt_clz.o ABSOLUTE
    ../fplib/dleqf.s                         0x00000000   Number         0  dleqf.o ABSOLUTE
    ../fplib/dmul.s                          0x00000000   Number         0  dmul.o ABSOLUTE
    ../fplib/dnaninf.s                       0x00000000   Number         0  dnaninf.o ABSOLUTE
    ../fplib/dretinf.s                       0x00000000   Number         0  dretinf.o ABSOLUTE
    ../fplib/drleqf.s                        0x00000000   Number         0  drleqf.o ABSOLUTE
    ../fplib/dsqrt.s                         0x00000000   Number         0  dsqrt_umaal.o ABSOLUTE
    ../fplib/f2d.s                           0x00000000   Number         0  f2d.o ABSOLUTE
    ../fplib/fnaninf.s                       0x00000000   Number         0  fnaninf.o ABSOLUTE
    ../fplib/fpinit.s                        0x00000000   Number         0  fpinit.o ABSOLUTE
    ../fplib/fretinf.s                       0x00000000   Number         0  fretinf.o ABSOLUTE
    ../fplib/istatus.s                       0x00000000   Number         0  istatus.o ABSOLUTE
    ../fplib/printf1.s                       0x00000000   Number         0  printf1.o ABSOLUTE
    ../fplib/retnan.s                        0x00000000   Number         0  retnan.o ABSOLUTE
    ../fplib/scalbn.s                        0x00000000   Number         0  scalbn.o ABSOLUTE
    ../fplib/trapv.s                         0x00000000   Number         0  trapv.o ABSOLUTE
    ../fplib/usenofp.s                       0x00000000   Number         0  usenofp.o ABSOLUTE
    ../mathlib/dunder.c                      0x00000000   Number         0  dunder.o ABSOLUTE
    ../mathlib/fabs.c                        0x00000000   Number         0  fabs.o ABSOLUTE
    ../mathlib/fpclassify.c                  0x00000000   Number         0  fpclassify.o ABSOLUTE
    ../mathlib/poly.c                        0x00000000   Number         0  poly.o ABSOLUTE
    ../mathlib/pow.c                         0x00000000   Number         0  pow_x.o ABSOLUTE
    ../mathlib/pow.c                         0x00000000   Number         0  pow.o ABSOLUTE
    ../mathlib/qnan.c                        0x00000000   Number         0  qnan.o ABSOLUTE
    ../mathlib/sqrt.c                        0x00000000   Number         0  sqrt.o ABSOLUTE
    ../mathlib/sqrt.c                        0x00000000   Number         0  sqrt_x.o ABSOLUTE
    ../mathlib/sqrtf.c                       0x00000000   Number         0  sqrtf_x.o ABSOLUTE
    ../mathlib/sqrtf.c                       0x00000000   Number         0  sqrtf.o ABSOLUTE
    C:\Users\nicob\AppData\Local\Arm\Packs\Keil\ARM_Compiler\1.6.2\Source\retarget_io.c 0x00000000   Number         0  retarget_io.o ABSOLUTE
    RTE\Device\ARMCM4_FP\startup_ARMCM4.s    0x00000000   Number         0  startup_armcm4.o ABSOLUTE
    RTE\Device\ARMCM4_FP\system_ARMCM4.c     0x00000000   Number         0  system_armcm4.o ABSOLUTE
    RTE\\Device\\ARMCM4_FP\\system_ARMCM4.c  0x00000000   Number         0  system_armcm4.o ABSOLUTE
    arm_std_f32.c                            0x00000000   Number         0  arm_std_f32.o ABSOLUTE
    asm\asm_mult_array.s                     0x00000000   Number         0  asm_mult_array.o ABSOLUTE
    asm\asm_stdev.s                          0x00000000   Number         0  asm_stdev.o ABSOLUTE
    dc.s                                     0x00000000   Number         0  dc.o ABSOLUTE
    src\\main.c                              0x00000000   Number         0  main.o ABSOLUTE
    src\c_mult_array.c                       0x00000000   Number         0  c_mult_array.o ABSOLUTE
    src\c_stdev.c                            0x00000000   Number         0  c_stdev.o ABSOLUTE
    src\main.c                               0x00000000   Number         0  main.o ABSOLUTE
    !!!main                                  0x000003c0   Section        8  __main.o(!!!main)
    !!!scatter                               0x000003c8   Section       52  __scatter.o(!!!scatter)
    !!dclz77c                                0x000003fc   Section      100  __dclz77c.o(!!dclz77c)
    !!handler_zi                             0x00000460   Section       28  __scatter_zi.o(!!handler_zi)
    .ARM.Collect$$_printf_percent$$00000000  0x0000047c   Section        0  _printf_percent.o(.ARM.Collect$$_printf_percent$$00000000)
    .ARM.Collect$$_printf_percent$$00000003  0x0000047c   Section        6  _printf_f.o(.ARM.Collect$$_printf_percent$$00000003)
    .ARM.Collect$$_printf_percent$$00000017  0x00000482   Section        4  _printf_percent_end.o(.ARM.Collect$$_printf_percent$$00000017)
    .ARM.Collect$$libinit$$00000000          0x00000486   Section        2  libinit.o(.ARM.Collect$$libinit$$00000000)
    .ARM.Collect$$libinit$$00000001          0x00000488   Section        4  libinit2.o(.ARM.Collect$$libinit$$00000001)
    .ARM.Collect$$libinit$$00000004          0x0000048c   Section        0  libinit2.o(.ARM.Collect$$libinit$$00000004)
    .ARM.Collect$$libinit$$00000006          0x0000048c   Section        8  libinit3.o(.ARM.Collect$$libinit$$00000006)
    .ARM.Collect$$libinit$$0000000A          0x00000494   Section        0  libinit2.o(.ARM.Collect$$libinit$$0000000A)
    .ARM.Collect$$libinit$$0000000C          0x00000494   Section        0  libinit2.o(.ARM.Collect$$libinit$$0000000C)
    .ARM.Collect$$libinit$$0000000E          0x00000494   Section        0  libinit2.o(.ARM.Collect$$libinit$$0000000E)
    .ARM.Collect$$libinit$$0000000F          0x00000494   Section        6  libinit2.o(.ARM.Collect$$libinit$$0000000F)
    .ARM.Collect$$libinit$$00000011          0x0000049a   Section        0  libinit2.o(.ARM.Collect$$libinit$$00000011)
    .ARM.Collect$$libinit$$00000013          0x0000049a   Section        0  libinit2.o(.ARM.Collect$$libinit$$00000013)
    .ARM.Collect$$libinit$$00000015          0x0000049a   Section        0  libinit2.o(.ARM.Collect$$libinit$$00000015)
    .ARM.Collect$$libinit$$00000016          0x0000049a   Section       10  libinit2.o(.ARM.Collect$$libinit$$00000016)
    .ARM.Collect$$libinit$$00000017          0x000004a4   Section        0  libinit2.o(.ARM.Collect$$libinit$$00000017)
    .ARM.Collect$$libinit$$00000019          0x000004a4   Section        0  libinit2.o(.ARM.Collect$$libinit$$00000019)
    .ARM.Collect$$libinit$$0000001B          0x000004a4   Section        0  libinit2.o(.ARM.Collect$$libinit$$0000001B)
    .ARM.Collect$$libinit$$0000001D          0x000004a4   Section        0  libinit2.o(.ARM.Collect$$libinit$$0000001D)
    .ARM.Collect$$libinit$$0000001F          0x000004a4   Section        0  libinit2.o(.ARM.Collect$$libinit$$0000001F)
    .ARM.Collect$$libinit$$00000021          0x000004a4   Section        0  libinit2.o(.ARM.Collect$$libinit$$00000021)
    .ARM.Collect$$libinit$$00000023          0x000004a4   Section        0  libinit2.o(.ARM.Collect$$libinit$$00000023)
    .ARM.Collect$$libinit$$00000024          0x000004a4   Section        4  libinit2.o(.ARM.Collect$$libinit$$00000024)
    .ARM.Collect$$libinit$$00000025          0x000004a8   Section        0  libinit2.o(.ARM.Collect$$libinit$$00000025)
    .ARM.Collect$$libinit$$0000002C          0x000004a8   Section        0  libinit2.o(.ARM.Collect$$libinit$$0000002C)
    .ARM.Collect$$libinit$$0000002E          0x000004a8   Section        0  libinit2.o(.ARM.Collect$$libinit$$0000002E)
    .ARM.Collect$$libinit$$00000030          0x000004a8   Section        0  libinit2.o(.ARM.Collect$$libinit$$00000030)
    .ARM.Collect$$libinit$$00000032          0x000004a8   Section        0  libinit2.o(.ARM.Collect$$libinit$$00000032)
    .ARM.Collect$$libinit$$00000033          0x000004a8   Section        2  libinit2.o(.ARM.Collect$$libinit$$00000033)
    .ARM.Collect$$libinit$$00002717          0x000004ac   Section        8  libinit3.o(.ARM.Collect$$libinit$$00002717)
    __lit__00000000                          0x000004ac   Data           4  libinit3.o(.ARM.Collect$$libinit$$00002717)
    __lit__00000001                          0x000004b0   Data           4  libinit3.o(.ARM.Collect$$libinit$$00002717)
    .ARM.Collect$$libshutdown$$00000000      0x000004b4   Section        2  libshutdown.o(.ARM.Collect$$libshutdown$$00000000)
    .ARM.Collect$$libshutdown$$00000002      0x000004b6   Section        0  libshutdown2.o(.ARM.Collect$$libshutdown$$00000002)
    .ARM.Collect$$libshutdown$$00000003      0x000004b6   Section        4  libshutdown2.o(.ARM.Collect$$libshutdown$$00000003)
    .ARM.Collect$$libshutdown$$00000004      0x000004ba   Section        0  libshutdown2.o(.ARM.Collect$$libshutdown$$00000004)
    .ARM.Collect$$libshutdown$$00000007      0x000004ba   Section        0  libshutdown2.o(.ARM.Collect$$libshutdown$$00000007)
    .ARM.Collect$$libshutdown$$0000000A      0x000004ba   Section        0  libshutdown2.o(.ARM.Collect$$libshutdown$$0000000A)
    .ARM.Collect$$libshutdown$$0000000C      0x000004ba   Section        0  libshutdown2.o(.ARM.Collect$$libshutdown$$0000000C)
    .ARM.Collect$$libshutdown$$0000000F      0x000004ba   Section        0  libshutdown2.o(.ARM.Collect$$libshutdown$$0000000F)
    .ARM.Collect$$libshutdown$$00000010      0x000004ba   Section        2  libshutdown2.o(.ARM.Collect$$libshutdown$$00000010)
    .ARM.Collect$$rtentry$$00000000          0x000004bc   Section        0  __rtentry.o(.ARM.Collect$$rtentry$$00000000)
    .ARM.Collect$$rtentry$$00000002          0x000004bc   Section        0  __rtentry2.o(.ARM.Collect$$rtentry$$00000002)
    .ARM.Collect$$rtentry$$00000005          0x000004bc   Section        4  __rtentry5.o(.ARM.Collect$$rtentry$$00000005)
    .ARM.Collect$$rtentry$$00000009          0x000004c0   Section        0  __rtentry2.o(.ARM.Collect$$rtentry$$00000009)
    .ARM.Collect$$rtentry$$0000000A          0x000004c0   Section        4  __rtentry2.o(.ARM.Collect$$rtentry$$0000000A)
    .ARM.Collect$$rtentry$$0000000C          0x000004c4   Section        0  __rtentry2.o(.ARM.Collect$$rtentry$$0000000C)
    .ARM.Collect$$rtentry$$0000000D          0x000004c4   Section        8  __rtentry2.o(.ARM.Collect$$rtentry$$0000000D)
    .ARM.Collect$$rtentry$$00002716          0x000004cc   Section        4  __rtentry5.o(.ARM.Collect$$rtentry$$00002716)
    __lit__00000000                          0x000004cc   Data           4  __rtentry5.o(.ARM.Collect$$rtentry$$00002716)
    .ARM.Collect$$rtexit$$00000000           0x000004d0   Section        2  rtexit.o(.ARM.Collect$$rtexit$$00000000)
    .ARM.Collect$$rtexit$$00000002           0x000004d2   Section        0  rtexit2.o(.ARM.Collect$$rtexit$$00000002)
    .ARM.Collect$$rtexit$$00000003           0x000004d2   Section        4  rtexit2.o(.ARM.Collect$$rtexit$$00000003)
    .ARM.Collect$$rtexit$$00000004           0x000004d6   Section        6  rtexit2.o(.ARM.Collect$$rtexit$$00000004)
    .emb_text                                0x000004dc   Section        0  maybetermalloc1.o(.emb_text)
    .text                                    0x000004dc   Section       56  startup_armcm4.o(.text)
    $v0                                      0x000004dc   Number         0  startup_armcm4.o(.text)
    .text                                    0x00000514   Section        0  noretval__2printf.o(.text)
    .text                                    0x0000052c   Section        0  __printf.o(.text)
    .text                                    0x00000594   Section      128  strcmpv7m.o(.text)
    .text                                    0x00000614   Section        0  heapauxi.o(.text)
    .text                                    0x0000061a   Section        0  _rserrno.o(.text)
    .text                                    0x00000630   Section        0  _printf_fp_dec.o(.text)
    _fp_digits                               0x00000633   Thumb Code   432  _printf_fp_dec.o(.text)
    .text                                    0x00000a50   Section        0  _printf_char_file.o(.text)
    .text                                    0x00000a74   Section        8  rt_locale_intlibspace.o(.text)
    .text                                    0x00000a7c   Section        8  rt_errno_addr_intlibspace.o(.text)
    .text                                    0x00000a84   Section      138  lludiv10.o(.text)
    .text                                    0x00000b10   Section        0  _printf_char_common.o(.text)
    _printf_input_char                       0x00000b11   Thumb Code    10  _printf_char_common.o(.text)
    .text                                    0x00000b40   Section        0  _printf_fp_infnan.o(.text)
    .text                                    0x00000bc0   Section        0  bigflt0.o(.text)
    .text                                    0x00000ca4   Section        0  ferror.o(.text)
    .text                                    0x00000cac   Section        0  initio.o(.text)
    .text                                    0x00000de4   Section        0  h1_free.o(.text)
    .text                                    0x00000e32   Section        0  flsbuf.o(.text)
    .text                                    0x00001008   Section        0  setvbuf.o(.text)
    .text                                    0x00001050   Section        0  fopen.o(.text)
    _freopen_locked                          0x00001051   Thumb Code     0  fopen.o(.text)
    .text                                    0x0000113c   Section        0  fclose.o(.text)
    .text                                    0x00001188   Section        0  exit.o(.text)
    .text                                    0x0000119a   Section        0  defsig_rtred_outer.o(.text)
    .text                                    0x000011a8   Section       78  rt_memclr_w.o(.text)
    .text                                    0x000011f8   Section        8  rt_heap_descriptor_intlibspace.o(.text)
    .text                                    0x00001200   Section        0  hguard.o(.text)
    .text                                    0x00001204   Section        0  init_alloc.o(.text)
    .text                                    0x0000128e   Section        0  h1_alloc.o(.text)
    .text                                    0x000012ec   Section        0  fseek.o(.text)
    .text                                    0x000013e4   Section        0  stdio.o(.text)
    .text                                    0x000014d4   Section        0  defsig_exit.o(.text)
    .text                                    0x000014e0   Section        0  defsig_rtred_inner.o(.text)
    .text                                    0x00001514   Section        0  sys_exit.o(.text)
    .text                                    0x00001520   Section        2  use_no_semi.o(.text)
    .text                                    0x00001522   Section        0  h1_init.o(.text)
    .text                                    0x00001522   Section        0  indicate_semi.o(.text)
    .text                                    0x00001530   Section        0  h1_extend.o(.text)
    .text                                    0x00001564   Section        0  ftell.o(.text)
    .text                                    0x000015a6   Section        0  defsig_general.o(.text)
    .text                                    0x000015d8   Section        0  defsig_rtmem_outer.o(.text)
    .text                                    0x000015e6   Section        0  sys_wrch.o(.text)
    .text                                    0x000015f4   Section        0  defsig_rtmem_inner.o(.text)
    [Anonymous Symbol]                       0x00001644   Section        0  arm_std_f32.o(.text.arm_std_f32)
    CL$$btod_d2e                             0x00001740   Section       62  btod.o(CL$$btod_d2e)
    CL$$btod_d2e_denorm_low                  0x0000177e   Section       70  btod.o(CL$$btod_d2e_denorm_low)
    CL$$btod_d2e_norm_op1                    0x000017c4   Section       96  btod.o(CL$$btod_d2e_norm_op1)
    CL$$btod_div_common                      0x00001824   Section      824  btod.o(CL$$btod_div_common)
    CL$$btod_e2e                             0x00001b5c   Section      220  btod.o(CL$$btod_e2e)
    CL$$btod_ediv                            0x00001c38   Section       42  btod.o(CL$$btod_ediv)
    CL$$btod_emul                            0x00001c62   Section       42  btod.o(CL$$btod_emul)
    CL$$btod_mult_common                     0x00001c8c   Section      580  btod.o(CL$$btod_mult_common)
    i.ITM_SendChar                           0x00001ed0   Section        0  retarget_io.o(i.ITM_SendChar)
    i.SystemInit                             0x00001f00   Section        0  system_armcm4.o(i.SystemInit)
    i.__ARM_fpclassify                       0x00001f30   Section        0  fpclassify.o(i.__ARM_fpclassify)
    i.__hardfp_pow                           0x00001f60   Section        0  pow.o(i.__hardfp_pow)
    i.__hardfp_sqrtf                         0x00002bb0   Section        0  sqrtf.o(i.__hardfp_sqrtf)
    i.__kernel_poly                          0x00002bea   Section        0  poly.o(i.__kernel_poly)
    i.__mathlib_dbl_divzero                  0x00002ce8   Section        0  dunder.o(i.__mathlib_dbl_divzero)
    i.__mathlib_dbl_infnan2                  0x00002d18   Section        0  dunder.o(i.__mathlib_dbl_infnan2)
    i.__mathlib_dbl_invalid                  0x00002d30   Section        0  dunder.o(i.__mathlib_dbl_invalid)
    i.__mathlib_dbl_overflow                 0x00002d50   Section        0  dunder.o(i.__mathlib_dbl_overflow)
    i.__mathlib_dbl_underflow                0x00002d70   Section        0  dunder.o(i.__mathlib_dbl_underflow)
    i._sys_close                             0x00002d90   Section        0  retarget_io.o(i._sys_close)
    i._sys_flen                              0x00002db6   Section        0  retarget_io.o(i._sys_flen)
    i._sys_istty                             0x00002dda   Section        0  retarget_io.o(i._sys_istty)
    i._sys_open                              0x00002e00   Section        0  retarget_io.o(i._sys_open)
    i._sys_seek                              0x00002e68   Section        0  retarget_io.o(i._sys_seek)
    i._sys_write                             0x00002e94   Section        0  retarget_io.o(i._sys_write)
    i.c_stdev                                0x00002edc   Section        0  c_stdev.o(i.c_stdev)
    i.fabs                                   0x00002f9c   Section        0  fabs.o(i.fabs)
    i.fputc                                  0x00002fb4   Section        0  fputc.o(i.fputc)
    i.main                                   0x00002fd0   Section        0  main.o(i.main)
    i.sqrt                                   0x00003090   Section        0  sqrt.o(i.sqrt)
    i.stdout_putchar                         0x000030fe   Section        0  retarget_io.o(i.stdout_putchar)
    stdout_putchar                           0x000030ff   Thumb Code    12  retarget_io.o(i.stdout_putchar)
    locale$$code                             0x0000310c   Section       44  lc_numeric_c.o(locale$$code)
    test                                     0x00003138   Section      112  asm_stdev.o(test)
    $v0                                      0x00003138   Number         0  asm_stdev.o(test)
    x$fpl$basic                              0x000031a8   Section       24  basic.o(x$fpl$basic)
    $v0                                      0x000031a8   Number         0  basic.o(x$fpl$basic)
    x$fpl$d2f                                0x000031c0   Section       98  d2f.o(x$fpl$d2f)
    $v0                                      0x000031c0   Number         0  d2f.o(x$fpl$d2f)
    x$fpl$dadd                               0x00003224   Section      336  daddsub_clz.o(x$fpl$dadd)
    $v0                                      0x00003224   Number         0  daddsub_clz.o(x$fpl$dadd)
    _dadd1                                   0x00003235   Thumb Code     0  daddsub_clz.o(x$fpl$dadd)
    x$fpl$dcheck1                            0x00003374   Section       16  dcheck1.o(x$fpl$dcheck1)
    $v0                                      0x00003374   Number         0  dcheck1.o(x$fpl$dcheck1)
    x$fpl$dcmpinf                            0x00003384   Section       24  dcmpi.o(x$fpl$dcmpinf)
    $v0                                      0x00003384   Number         0  dcmpi.o(x$fpl$dcmpinf)
    x$fpl$ddiv                               0x0000339c   Section      688  ddiv.o(x$fpl$ddiv)
    $v0                                      0x0000339c   Number         0  ddiv.o(x$fpl$ddiv)
    ddiv_entry                               0x000033a3   Thumb Code     0  ddiv.o(x$fpl$ddiv)
    x$fpl$dflt                               0x0000364c   Section       46  dflt_clz.o(x$fpl$dflt)
    $v0                                      0x0000364c   Number         0  dflt_clz.o(x$fpl$dflt)
    x$fpl$dleqf                              0x0000367c   Section      120  dleqf.o(x$fpl$dleqf)
    $v0                                      0x0000367c   Number         0  dleqf.o(x$fpl$dleqf)
    x$fpl$dmul                               0x000036f4   Section      340  dmul.o(x$fpl$dmul)
    $v0                                      0x000036f4   Number         0  dmul.o(x$fpl$dmul)
    x$fpl$dnaninf                            0x00003848   Section      156  dnaninf.o(x$fpl$dnaninf)
    $v0                                      0x00003848   Number         0  dnaninf.o(x$fpl$dnaninf)
    x$fpl$dretinf                            0x000038e4   Section       12  dretinf.o(x$fpl$dretinf)
    $v0                                      0x000038e4   Number         0  dretinf.o(x$fpl$dretinf)
    x$fpl$drleqf                             0x000038f0   Section      108  drleqf.o(x$fpl$drleqf)
    $v0                                      0x000038f0   Number         0  drleqf.o(x$fpl$drleqf)
    x$fpl$drsb                               0x0000395c   Section       22  daddsub_clz.o(x$fpl$drsb)
    $v0                                      0x0000395c   Number         0  daddsub_clz.o(x$fpl$drsb)
    x$fpl$dsqrt                              0x00003974   Section      408  dsqrt_umaal.o(x$fpl$dsqrt)
    $v0                                      0x00003974   Number         0  dsqrt_umaal.o(x$fpl$dsqrt)
    x$fpl$dsub                               0x00003b0c   Section      468  daddsub_clz.o(x$fpl$dsub)
    $v0                                      0x00003b0c   Number         0  daddsub_clz.o(x$fpl$dsub)
    _dsub1                                   0x00003b1d   Thumb Code     0  daddsub_clz.o(x$fpl$dsub)
    x$fpl$f2d                                0x00003ce0   Section       86  f2d.o(x$fpl$f2d)
    $v0                                      0x00003ce0   Number         0  f2d.o(x$fpl$f2d)
    x$fpl$fnaninf                            0x00003d36   Section      140  fnaninf.o(x$fpl$fnaninf)
    $v0                                      0x00003d36   Number         0  fnaninf.o(x$fpl$fnaninf)
    x$fpl$fpinit                             0x00003dc2   Section       10  fpinit.o(x$fpl$fpinit)
    $v0                                      0x00003dc2   Number         0  fpinit.o(x$fpl$fpinit)
    x$fpl$fretinf                            0x00003dcc   Section       10  fretinf.o(x$fpl$fretinf)
    $v0                                      0x00003dcc   Number         0  fretinf.o(x$fpl$fretinf)
    x$fpl$printf1                            0x00003dd6   Section        4  printf1.o(x$fpl$printf1)
    $v0                                      0x00003dd6   Number         0  printf1.o(x$fpl$printf1)
    x$fpl$retnan                             0x00003dda   Section      100  retnan.o(x$fpl$retnan)
    $v0                                      0x00003dda   Number         0  retnan.o(x$fpl$retnan)
    x$fpl$scalbn                             0x00003e3e   Section       92  scalbn.o(x$fpl$scalbn)
    $v0                                      0x00003e3e   Number         0  scalbn.o(x$fpl$scalbn)
    x$fpl$trapveneer                         0x00003e9a   Section       48  trapv.o(x$fpl$trapveneer)
    $v0                                      0x00003e9a   Number         0  trapv.o(x$fpl$trapveneer)
    .constdata                               0x00003eca   Section       23  retarget_io.o(.constdata)
    x$fpl$usenofp                            0x00003eca   Section        0  usenofp.o(x$fpl$usenofp)
    .constdata                               0x00003ee8   Section      136  pow.o(.constdata)
    bp                                       0x00003ee8   Data          16  pow.o(.constdata)
    dp_h                                     0x00003ef8   Data          16  pow.o(.constdata)
    dp_l                                     0x00003f08   Data          16  pow.o(.constdata)
    L                                        0x00003f18   Data          48  pow.o(.constdata)
    P                                        0x00003f48   Data          40  pow.o(.constdata)
    .constdata                               0x00003f70   Section        8  qnan.o(.constdata)
    .constdata                               0x00003f78   Section      148  bigflt0.o(.constdata)
    tenpwrs_x                                0x00003f78   Data          60  bigflt0.o(.constdata)
    tenpwrs_i                                0x00003fb4   Data          64  bigflt0.o(.constdata)
    locale$$data                             0x0000402c   Section       28  lc_numeric_c.o(locale$$data)
    __lcnum_c_name                           0x00004030   Data           2  lc_numeric_c.o(locale$$data)
    __lcnum_c_start                          0x00004038   Data           0  lc_numeric_c.o(locale$$data)
    __lcnum_c_point                          0x00004044   Data           0  lc_numeric_c.o(locale$$data)
    __lcnum_c_thousands                      0x00004046   Data           0  lc_numeric_c.o(locale$$data)
    __lcnum_c_grouping                       0x00004047   Data           0  lc_numeric_c.o(locale$$data)
    __lcnum_c_end                            0x00004048   Data           0  lc_numeric_c.o(locale$$data)
    .data                                    0x20000000   Section     4120  main.o(.data)
    .data                                    0x20001018   Section        4  system_armcm4.o(.data)
    .data                                    0x2000101c   Section        4  stdio_streams.o(.data)
    .data                                    0x20001020   Section        4  stdio_streams.o(.data)
    .data                                    0x20001024   Section        4  stdio_streams.o(.data)
    .bss                                     0x20001028   Section       84  stdio_streams.o(.bss)
    .bss                                     0x2000107c   Section       84  stdio_streams.o(.bss)
    .bss                                     0x200010d0   Section       84  stdio_streams.o(.bss)
    .bss                                     0x20001124   Section       96  libspace.o(.bss)
    HEAP                                     0x20001188   Section     3072  startup_armcm4.o(HEAP)
    STACK                                    0x20001d88   Section     1024  startup_armcm4.o(STACK)

    Global Symbols

    Symbol Name                              Value     Ov Type        Size  Object(Section)

    BuildAttributes$$THM_ISAv4$E$P$D$K$B$S$7EM$VFPi3$EXTD16$VFPS$VFMA$PE$A:L22UL41UL21$X:L11$S22US41US21$IEEE1$IW$USESV6$~STKCKD$USESV7$~SHL$OTIME$ROPI$IEEEX$EBA8$UX$STANDARDLIB$REQ8$EABIv2 0x00000000   Number         0  anon$$obj.o ABSOLUTE
    __ARM_use_no_argv                        0x00000000   Number         0  main.o ABSOLUTE
    __Vectors                                0x00000000   Data           4  startup_armcm4.o(RESET)
    __ARM_exceptions_init                     - Undefined Weak Reference
    __alloca_initialize                       - Undefined Weak Reference
    __arm_preinit_                            - Undefined Weak Reference
    __cpp_initialize__aeabi_                  - Undefined Weak Reference
    __cxa_finalize                            - Undefined Weak Reference
    __sigvec_lookup                           - Undefined Weak Reference
    __user_heap_extent                        - Undefined Weak Reference
    _atexit_init                              - Undefined Weak Reference
    _call_atexit_fns                          - Undefined Weak Reference
    _clock_init                               - Undefined Weak Reference
    _fp_trap_init                             - Undefined Weak Reference
    _fp_trap_shutdown                         - Undefined Weak Reference
    _get_lc_collate                           - Undefined Weak Reference
    _get_lc_ctype                             - Undefined Weak Reference
    _get_lc_monetary                          - Undefined Weak Reference
    _get_lc_time                              - Undefined Weak Reference
    _getenv_init                              - Undefined Weak Reference
    _handle_redirection                       - Undefined Weak Reference
    _mutex_acquire                            - Undefined Weak Reference
    _mutex_free                               - Undefined Weak Reference
    _mutex_release                            - Undefined Weak Reference
    _printf_post_padding                      - Undefined Weak Reference
    _printf_pre_padding                       - Undefined Weak Reference
    _rand_init                                - Undefined Weak Reference
    _signal_finish                            - Undefined Weak Reference
    _signal_init                              - Undefined Weak Reference
    __Vectors_End                            0x000003c0   Data           0  startup_armcm4.o(RESET)
    __Vectors_Size                           0x000003c0   Number         0  startup_armcm4.o ABSOLUTE
    __main                                   0x000003c1   Thumb Code     8  __main.o(!!!main)
    __scatterload                            0x000003c9   Thumb Code     0  __scatter.o(!!!scatter)
    __scatterload_rt2                        0x000003c9   Thumb Code    44  __scatter.o(!!!scatter)
    __scatterload_rt2_thumb_only             0x000003c9   Thumb Code     0  __scatter.o(!!!scatter)
    __scatterload_null                       0x000003d7   Thumb Code     0  __scatter.o(!!!scatter)
    __decompress                             0x000003fd   Thumb Code   100  __dclz77c.o(!!dclz77c)
    __decompress2                            0x000003fd   Thumb Code     0  __dclz77c.o(!!dclz77c)
    __scatterload_zeroinit                   0x00000461   Thumb Code    28  __scatter_zi.o(!!handler_zi)
    _printf_f                                0x0000047d   Thumb Code     0  _printf_f.o(.ARM.Collect$$_printf_percent$$00000003)
    _printf_percent                          0x0000047d   Thumb Code     0  _printf_percent.o(.ARM.Collect$$_printf_percent$$00000000)
    _printf_percent_end                      0x00000483   Thumb Code     0  _printf_percent_end.o(.ARM.Collect$$_printf_percent$$00000017)
    __rt_lib_init                            0x00000487   Thumb Code     0  libinit.o(.ARM.Collect$$libinit$$00000000)
    __rt_lib_init_fp_1                       0x00000489   Thumb Code     0  libinit2.o(.ARM.Collect$$libinit$$00000001)
    __rt_lib_init_heap_2                     0x0000048d   Thumb Code     0  libinit3.o(.ARM.Collect$$libinit$$00000006)
    __rt_lib_init_preinit_1                  0x0000048d   Thumb Code     0  libinit2.o(.ARM.Collect$$libinit$$00000004)
    __rt_lib_init_heap_1                     0x00000495   Thumb Code     0  libinit2.o(.ARM.Collect$$libinit$$0000000A)
    __rt_lib_init_lc_common                  0x00000495   Thumb Code     0  libinit2.o(.ARM.Collect$$libinit$$0000000F)
    __rt_lib_init_rand_1                     0x00000495   Thumb Code     0  libinit2.o(.ARM.Collect$$libinit$$0000000E)
    __rt_lib_init_user_alloc_1               0x00000495   Thumb Code     0  libinit2.o(.ARM.Collect$$libinit$$0000000C)
    __rt_lib_init_lc_collate_1               0x0000049b   Thumb Code     0  libinit2.o(.ARM.Collect$$libinit$$00000011)
    __rt_lib_init_lc_ctype_1                 0x0000049b   Thumb Code     0  libinit2.o(.ARM.Collect$$libinit$$00000013)
    __rt_lib_init_lc_monetary_1              0x0000049b   Thumb Code     0  libinit2.o(.ARM.Collect$$libinit$$00000015)
    __rt_lib_init_lc_numeric_2               0x0000049b   Thumb Code     0  libinit2.o(.ARM.Collect$$libinit$$00000016)
    __rt_lib_init_atexit_1                   0x000004a5   Thumb Code     0  libinit2.o(.ARM.Collect$$libinit$$0000001B)
    __rt_lib_init_clock_1                    0x000004a5   Thumb Code     0  libinit2.o(.ARM.Collect$$libinit$$00000021)
    __rt_lib_init_fp_trap_1                  0x000004a5   Thumb Code     0  libinit2.o(.ARM.Collect$$libinit$$0000001F)
    __rt_lib_init_getenv_1                   0x000004a5   Thumb Code     0  libinit2.o(.ARM.Collect$$libinit$$00000023)
    __rt_lib_init_lc_numeric_1               0x000004a5   Thumb Code     0  libinit2.o(.ARM.Collect$$libinit$$00000017)
    __rt_lib_init_lc_time_1                  0x000004a5   Thumb Code     0  libinit2.o(.ARM.Collect$$libinit$$00000019)
    __rt_lib_init_signal_1                   0x000004a5   Thumb Code     0  libinit2.o(.ARM.Collect$$libinit$$0000001D)
    __rt_lib_init_stdio_2                    0x000004a5   Thumb Code     0  libinit2.o(.ARM.Collect$$libinit$$00000024)
    __rt_lib_init_alloca_1                   0x000004a9   Thumb Code     0  libinit2.o(.ARM.Collect$$libinit$$0000002E)
    __rt_lib_init_argv_1                     0x000004a9   Thumb Code     0  libinit2.o(.ARM.Collect$$libinit$$0000002C)
    __rt_lib_init_cpp_1                      0x000004a9   Thumb Code     0  libinit2.o(.ARM.Collect$$libinit$$00000032)
    __rt_lib_init_exceptions_1               0x000004a9   Thumb Code     0  libinit2.o(.ARM.Collect$$libinit$$00000030)
    __rt_lib_init_return                     0x000004a9   Thumb Code     0  libinit2.o(.ARM.Collect$$libinit$$00000033)
    __rt_lib_init_stdio_1                    0x000004a9   Thumb Code     0  libinit2.o(.ARM.Collect$$libinit$$00000025)
    __rt_lib_shutdown                        0x000004b5   Thumb Code     0  libshutdown.o(.ARM.Collect$$libshutdown$$00000000)
    __rt_lib_shutdown_cpp_1                  0x000004b7   Thumb Code     0  libshutdown2.o(.ARM.Collect$$libshutdown$$00000002)
    __rt_lib_shutdown_stdio_2                0x000004b7   Thumb Code     0  libshutdown2.o(.ARM.Collect$$libshutdown$$00000003)
    __rt_lib_shutdown_fp_trap_1              0x000004bb   Thumb Code     0  libshutdown2.o(.ARM.Collect$$libshutdown$$00000007)
    __rt_lib_shutdown_heap_1                 0x000004bb   Thumb Code     0  libshutdown2.o(.ARM.Collect$$libshutdown$$0000000F)
    __rt_lib_shutdown_return                 0x000004bb   Thumb Code     0  libshutdown2.o(.ARM.Collect$$libshutdown$$00000010)
    __rt_lib_shutdown_signal_1               0x000004bb   Thumb Code     0  libshutdown2.o(.ARM.Collect$$libshutdown$$0000000A)
    __rt_lib_shutdown_stdio_1                0x000004bb   Thumb Code     0  libshutdown2.o(.ARM.Collect$$libshutdown$$00000004)
    __rt_lib_shutdown_user_alloc_1           0x000004bb   Thumb Code     0  libshutdown2.o(.ARM.Collect$$libshutdown$$0000000C)
    __rt_entry                               0x000004bd   Thumb Code     0  __rtentry.o(.ARM.Collect$$rtentry$$00000000)
    __rt_entry_presh_1                       0x000004bd   Thumb Code     0  __rtentry2.o(.ARM.Collect$$rtentry$$00000002)
    __rt_entry_sh                            0x000004bd   Thumb Code     0  __rtentry5.o(.ARM.Collect$$rtentry$$00000005)
    __rt_entry_li                            0x000004c1   Thumb Code     0  __rtentry2.o(.ARM.Collect$$rtentry$$0000000A)
    __rt_entry_postsh_1                      0x000004c1   Thumb Code     0  __rtentry2.o(.ARM.Collect$$rtentry$$00000009)
    __rt_entry_main                          0x000004c5   Thumb Code     0  __rtentry2.o(.ARM.Collect$$rtentry$$0000000D)
    __rt_entry_postli_1                      0x000004c5   Thumb Code     0  __rtentry2.o(.ARM.Collect$$rtentry$$0000000C)
    __rt_exit                                0x000004d1   Thumb Code     0  rtexit.o(.ARM.Collect$$rtexit$$00000000)
    __rt_exit_ls                             0x000004d3   Thumb Code     0  rtexit2.o(.ARM.Collect$$rtexit$$00000003)
    __rt_exit_prels_1                        0x000004d3   Thumb Code     0  rtexit2.o(.ARM.Collect$$rtexit$$00000002)
    __rt_exit_exit                           0x000004d7   Thumb Code     0  rtexit2.o(.ARM.Collect$$rtexit$$00000004)
    Reset_Handler                            0x000004dd   Thumb Code     8  startup_armcm4.o(.text)
    _maybe_terminate_alloc                   0x000004dd   Thumb Code     0  maybetermalloc1.o(.emb_text)
    NMI_Handler                              0x000004e5   Thumb Code     2  startup_armcm4.o(.text)
    HardFault_Handler                        0x000004e7   Thumb Code     2  startup_armcm4.o(.text)
    MemManage_Handler                        0x000004e9   Thumb Code     2  startup_armcm4.o(.text)
    BusFault_Handler                         0x000004eb   Thumb Code     2  startup_armcm4.o(.text)
    UsageFault_Handler                       0x000004ed   Thumb Code     2  startup_armcm4.o(.text)
    SVC_Handler                              0x000004ef   Thumb Code     2  startup_armcm4.o(.text)
    DebugMon_Handler                         0x000004f1   Thumb Code     2  startup_armcm4.o(.text)
    PendSV_Handler                           0x000004f3   Thumb Code     2  startup_armcm4.o(.text)
    SysTick_Handler                          0x000004f5   Thumb Code     2  startup_armcm4.o(.text)
    Interrupt0_Handler                       0x000004f7   Thumb Code     2  startup_armcm4.o(.text)
    Interrupt1_Handler                       0x000004f9   Thumb Code     2  startup_armcm4.o(.text)
    Interrupt2_Handler                       0x000004fb   Thumb Code     2  startup_armcm4.o(.text)
    Interrupt3_Handler                       0x000004fd   Thumb Code     2  startup_armcm4.o(.text)
    Interrupt4_Handler                       0x000004ff   Thumb Code     2  startup_armcm4.o(.text)
    Interrupt5_Handler                       0x00000501   Thumb Code     2  startup_armcm4.o(.text)
    Interrupt6_Handler                       0x00000503   Thumb Code     2  startup_armcm4.o(.text)
    Interrupt7_Handler                       0x00000505   Thumb Code     2  startup_armcm4.o(.text)
    Interrupt8_Handler                       0x00000507   Thumb Code     2  startup_armcm4.o(.text)
    Interrupt9_Handler                       0x00000509   Thumb Code     2  startup_armcm4.o(.text)
    __2printf                                0x00000515   Thumb Code    20  noretval__2printf.o(.text)
    __printf                                 0x0000052d   Thumb Code   104  __printf.o(.text)
    strcmp                                   0x00000595   Thumb Code   128  strcmpv7m.o(.text)
    __use_two_region_memory                  0x00000615   Thumb Code     2  heapauxi.o(.text)
    __rt_heap_escrow                         0x00000617   Thumb Code     2  heapauxi.o(.text)
    __rt_heap_expand                         0x00000619   Thumb Code     2  heapauxi.o(.text)
    __read_errno                             0x0000061b   Thumb Code    10  _rserrno.o(.text)
    __set_errno                              0x00000625   Thumb Code    12  _rserrno.o(.text)
    __lib_sel_fp_printf                      0x00000631   Thumb Code     2  _printf_fp_dec.o(.text)
    _printf_fp_dec_real                      0x000007e3   Thumb Code   620  _printf_fp_dec.o(.text)
    _printf_char_file                        0x00000a51   Thumb Code    32  _printf_char_file.o(.text)
    __rt_locale                              0x00000a75   Thumb Code     8  rt_locale_intlibspace.o(.text)
    __aeabi_errno_addr                       0x00000a7d   Thumb Code     8  rt_errno_addr_intlibspace.o(.text)
    __errno$intlibspace                      0x00000a7d   Thumb Code     0  rt_errno_addr_intlibspace.o(.text)
    __rt_errno_addr$intlibspace              0x00000a7d   Thumb Code     0  rt_errno_addr_intlibspace.o(.text)
    _ll_udiv10                               0x00000a85   Thumb Code   138  lludiv10.o(.text)
    _printf_char_common                      0x00000b1b   Thumb Code    32  _printf_char_common.o(.text)
    _printf_fp_infnan                        0x00000b41   Thumb Code   112  _printf_fp_infnan.o(.text)
    _btod_etento                             0x00000bc1   Thumb Code   224  bigflt0.o(.text)
    ferror                                   0x00000ca5   Thumb Code     8  ferror.o(.text)
    _initio                                  0x00000cad   Thumb Code   210  initio.o(.text)
    _terminateio                             0x00000d7f   Thumb Code    56  initio.o(.text)
    free                                     0x00000de5   Thumb Code    78  h1_free.o(.text)
    __flsbuf                                 0x00000e33   Thumb Code   470  flsbuf.o(.text)
    __flsbuf_byte                            0x00000e33   Thumb Code     0  flsbuf.o(.text)
    __flsbuf_wide                            0x00000e33   Thumb Code     0  flsbuf.o(.text)
    setvbuf                                  0x00001009   Thumb Code    70  setvbuf.o(.text)
    freopen                                  0x00001051   Thumb Code   158  fopen.o(.text)
    fopen                                    0x000010ef   Thumb Code    74  fopen.o(.text)
    _fclose_internal                         0x0000113d   Thumb Code    76  fclose.o(.text)
    fclose                                   0x0000113d   Thumb Code     0  fclose.o(.text)
    exit                                     0x00001189   Thumb Code    18  exit.o(.text)
    __rt_SIGRTRED                            0x0000119b   Thumb Code    14  defsig_rtred_outer.o(.text)
    __aeabi_memclr4                          0x000011a9   Thumb Code     0  rt_memclr_w.o(.text)
    __aeabi_memclr8                          0x000011a9   Thumb Code     0  rt_memclr_w.o(.text)
    __rt_memclr_w                            0x000011a9   Thumb Code    78  rt_memclr_w.o(.text)
    _memset_w                                0x000011ad   Thumb Code     0  rt_memclr_w.o(.text)
    __rt_heap_descriptor                     0x000011f9   Thumb Code     8  rt_heap_descriptor_intlibspace.o(.text)
    __use_no_heap                            0x00001201   Thumb Code     2  hguard.o(.text)
    __heap$guard                             0x00001203   Thumb Code     2  hguard.o(.text)
    _terminate_user_alloc                    0x00001205   Thumb Code     2  init_alloc.o(.text)
    _init_user_alloc                         0x00001207   Thumb Code     2  init_alloc.o(.text)
    __Heap_Full                              0x00001209   Thumb Code    34  init_alloc.o(.text)
    __Heap_Broken                            0x0000122b   Thumb Code     6  init_alloc.o(.text)
    _init_alloc                              0x00001231   Thumb Code    94  init_alloc.o(.text)
    malloc                                   0x0000128f   Thumb Code    94  h1_alloc.o(.text)
    _fseek                                   0x000012ed   Thumb Code   242  fseek.o(.text)
    fseek                                    0x000012ed   Thumb Code     0  fseek.o(.text)
    _seterr                                  0x000013e5   Thumb Code    20  stdio.o(.text)
    _writebuf                                0x000013f9   Thumb Code    84  stdio.o(.text)
    _fflush                                  0x0000144d   Thumb Code    70  stdio.o(.text)
    _deferredlazyseek                        0x00001493   Thumb Code    60  stdio.o(.text)
    __sig_exit                               0x000014d5   Thumb Code    10  defsig_exit.o(.text)
    __rt_SIGRTRED_inner                      0x000014e1   Thumb Code    14  defsig_rtred_inner.o(.text)
    _sys_exit                                0x00001515   Thumb Code     8  sys_exit.o(.text)
    __I$use$semihosting                      0x00001521   Thumb Code     0  use_no_semi.o(.text)
    __use_no_semihosting_swi                 0x00001521   Thumb Code     2  use_no_semi.o(.text)
    __Heap_Initialize                        0x00001523   Thumb Code    10  h1_init.o(.text)
    __semihosting_library_function           0x00001523   Thumb Code     0  indicate_semi.o(.text)
    __Heap_DescSize                          0x0000152d   Thumb Code     4  h1_init.o(.text)
    __Heap_ProvideMemory                     0x00001531   Thumb Code    52  h1_extend.o(.text)
    _ftell_internal                          0x00001565   Thumb Code    66  ftell.o(.text)
    ftell                                    0x00001565   Thumb Code     0  ftell.o(.text)
    __default_signal_display                 0x000015a7   Thumb Code    50  defsig_general.o(.text)
    __rt_SIGRTMEM                            0x000015d9   Thumb Code    14  defsig_rtmem_outer.o(.text)
    _ttywrch                                 0x000015e7   Thumb Code    14  sys_wrch.o(.text)
    __rt_SIGRTMEM_inner                      0x000015f5   Thumb Code    22  defsig_rtmem_inner.o(.text)
    arm_std_f32                              0x00001645   Thumb Code   252  arm_std_f32.o(.text.arm_std_f32)
    _btod_d2e                                0x00001741   Thumb Code    62  btod.o(CL$$btod_d2e)
    _d2e_denorm_low                          0x0000177f   Thumb Code    70  btod.o(CL$$btod_d2e_denorm_low)
    _d2e_norm_op1                            0x000017c5   Thumb Code    96  btod.o(CL$$btod_d2e_norm_op1)
    __btod_div_common                        0x00001825   Thumb Code   696  btod.o(CL$$btod_div_common)
    _e2e                                     0x00001b5d   Thumb Code   220  btod.o(CL$$btod_e2e)
    _btod_ediv                               0x00001c39   Thumb Code    42  btod.o(CL$$btod_ediv)
    _btod_emul                               0x00001c63   Thumb Code    42  btod.o(CL$$btod_emul)
    __btod_mult_common                       0x00001c8d   Thumb Code   580  btod.o(CL$$btod_mult_common)
    ITM_SendChar                             0x00001ed1   Thumb Code    42  retarget_io.o(i.ITM_SendChar)
    SystemInit                               0x00001f01   Thumb Code    30  system_armcm4.o(i.SystemInit)
    __ARM_fpclassify                         0x00001f31   Thumb Code    48  fpclassify.o(i.__ARM_fpclassify)
    __hardfp_pow                             0x00001f61   Thumb Code  3072  pow.o(i.__hardfp_pow)
    __hardfp_sqrtf                           0x00002bb1   Thumb Code    58  sqrtf.o(i.__hardfp_sqrtf)
    __kernel_poly                            0x00002beb   Thumb Code   248  poly.o(i.__kernel_poly)
    __mathlib_dbl_divzero                    0x00002ce9   Thumb Code    28  dunder.o(i.__mathlib_dbl_divzero)
    __mathlib_dbl_infnan2                    0x00002d19   Thumb Code    20  dunder.o(i.__mathlib_dbl_infnan2)
    __mathlib_dbl_invalid                    0x00002d31   Thumb Code    24  dunder.o(i.__mathlib_dbl_invalid)
    __mathlib_dbl_overflow                   0x00002d51   Thumb Code    24  dunder.o(i.__mathlib_dbl_overflow)
    __mathlib_dbl_underflow                  0x00002d71   Thumb Code    24  dunder.o(i.__mathlib_dbl_underflow)
    _sys_close                               0x00002d91   Thumb Code    38  retarget_io.o(i._sys_close)
    _sys_flen                                0x00002db7   Thumb Code    36  retarget_io.o(i._sys_flen)
    _sys_istty                               0x00002ddb   Thumb Code    36  retarget_io.o(i._sys_istty)
    _sys_open                                0x00002e01   Thumb Code    80  retarget_io.o(i._sys_open)
    _sys_seek                                0x00002e69   Thumb Code    44  retarget_io.o(i._sys_seek)
    _sys_write                               0x00002e95   Thumb Code    70  retarget_io.o(i._sys_write)
    c_stdev                                  0x00002edd   Thumb Code   178  c_stdev.o(i.c_stdev)
    fabs                                     0x00002f9d   Thumb Code    24  fabs.o(i.fabs)
    fputc                                    0x00002fb5   Thumb Code    26  fputc.o(i.fputc)
    main                                     0x00002fd1   Thumb Code   136  main.o(i.main)
    sqrt                                     0x00003091   Thumb Code   110  sqrt.o(i.sqrt)
    _get_lc_numeric                          0x0000310d   Thumb Code    44  lc_numeric_c.o(locale$$code)
    asm_stdev                                0x00003139   Thumb Code     0  asm_stdev.o(test)
    __aeabi_dneg                             0x000031a9   Thumb Code     0  basic.o(x$fpl$basic)
    _dneg                                    0x000031a9   Thumb Code     6  basic.o(x$fpl$basic)
    __aeabi_fneg                             0x000031af   Thumb Code     0  basic.o(x$fpl$basic)
    _fneg                                    0x000031af   Thumb Code     6  basic.o(x$fpl$basic)
    _dabs                                    0x000031b5   Thumb Code     6  basic.o(x$fpl$basic)
    _fabs                                    0x000031bb   Thumb Code     6  basic.o(x$fpl$basic)
    __aeabi_d2f                              0x000031c1   Thumb Code     0  d2f.o(x$fpl$d2f)
    _d2f                                     0x000031c1   Thumb Code    98  d2f.o(x$fpl$d2f)
    __aeabi_dadd                             0x00003225   Thumb Code     0  daddsub_clz.o(x$fpl$dadd)
    _dadd                                    0x00003225   Thumb Code   332  daddsub_clz.o(x$fpl$dadd)
    __fpl_dcheck_NaN1                        0x00003375   Thumb Code    10  dcheck1.o(x$fpl$dcheck1)
    __fpl_dcmp_Inf                           0x00003385   Thumb Code    24  dcmpi.o(x$fpl$dcmpinf)
    __aeabi_ddiv                             0x0000339d   Thumb Code     0  ddiv.o(x$fpl$ddiv)
    _ddiv                                    0x0000339d   Thumb Code   552  ddiv.o(x$fpl$ddiv)
    __aeabi_i2d                              0x0000364d   Thumb Code     0  dflt_clz.o(x$fpl$dflt)
    _dflt                                    0x0000364d   Thumb Code    46  dflt_clz.o(x$fpl$dflt)
    __aeabi_cdcmple                          0x0000367d   Thumb Code     0  dleqf.o(x$fpl$dleqf)
    _dcmple                                  0x0000367d   Thumb Code   120  dleqf.o(x$fpl$dleqf)
    __fpl_dcmple_InfNaN                      0x000036df   Thumb Code     0  dleqf.o(x$fpl$dleqf)
    __aeabi_dmul                             0x000036f5   Thumb Code     0  dmul.o(x$fpl$dmul)
    _dmul                                    0x000036f5   Thumb Code   332  dmul.o(x$fpl$dmul)
    __fpl_dnaninf                            0x00003849   Thumb Code   156  dnaninf.o(x$fpl$dnaninf)
    __fpl_dretinf                            0x000038e5   Thumb Code    12  dretinf.o(x$fpl$dretinf)
    __aeabi_cdrcmple                         0x000038f1   Thumb Code     0  drleqf.o(x$fpl$drleqf)
    _drcmple                                 0x000038f1   Thumb Code   108  drleqf.o(x$fpl$drleqf)
    __aeabi_drsub                            0x0000395d   Thumb Code     0  daddsub_clz.o(x$fpl$drsb)
    _drsb                                    0x0000395d   Thumb Code    22  daddsub_clz.o(x$fpl$drsb)
    _dsqrt                                   0x00003975   Thumb Code   404  dsqrt_umaal.o(x$fpl$dsqrt)
    __aeabi_dsub                             0x00003b0d   Thumb Code     0  daddsub_clz.o(x$fpl$dsub)
    _dsub                                    0x00003b0d   Thumb Code   464  daddsub_clz.o(x$fpl$dsub)
    __aeabi_f2d                              0x00003ce1   Thumb Code     0  f2d.o(x$fpl$f2d)
    _f2d                                     0x00003ce1   Thumb Code    86  f2d.o(x$fpl$f2d)
    __fpl_fnaninf                            0x00003d37   Thumb Code   140  fnaninf.o(x$fpl$fnaninf)
    _fp_init                                 0x00003dc3   Thumb Code    10  fpinit.o(x$fpl$fpinit)
    __fplib_config_fpu_vfp                   0x00003dcb   Thumb Code     0  fpinit.o(x$fpl$fpinit)
    __fplib_config_pureend_doubles           0x00003dcb   Thumb Code     0  fpinit.o(x$fpl$fpinit)
    __fpl_fretinf                            0x00003dcd   Thumb Code    10  fretinf.o(x$fpl$fretinf)
    _printf_fp_dec                           0x00003dd7   Thumb Code     4  printf1.o(x$fpl$printf1)
    __fpl_return_NaN                         0x00003ddb   Thumb Code   100  retnan.o(x$fpl$retnan)
    __ARM_scalbn                             0x00003e3f   Thumb Code    92  scalbn.o(x$fpl$scalbn)
    __fpl_cmpreturn                          0x00003e9b   Thumb Code    48  trapv.o(x$fpl$trapveneer)
    __I$use$fp                               0x00003eca   Number         0  usenofp.o(x$fpl$usenofp)
    __stdin_name                             0x00003eca   Data           7  retarget_io.o(.constdata)
    __stdout_name                            0x00003ed1   Data           8  retarget_io.o(.constdata)
    __stderr_name                            0x00003ed9   Data           8  retarget_io.o(.constdata)
    __mathlib_zero                           0x00003f70   Data           8  qnan.o(.constdata)
    Region$$Table$$Base                      0x0000400c   Number         0  anon$$obj.o(Region$$Table)
    Region$$Table$$Limit                     0x0000402c   Number         0  anon$$obj.o(Region$$Table)
    f10_a                                    0x20000000   Data          40  main.o(.data)
    f10_b                                    0x20000028   Data          40  main.o(.data)
    f10_array                                0x20000050   Data          40  main.o(.data)
    f1000_array                              0x20000078   Data        4000  main.o(.data)
    SystemCoreClock                          0x20001018   Data           4  system_armcm4.o(.data)
    __aeabi_stdin                            0x2000101c   Data           4  stdio_streams.o(.data)
    __aeabi_stdout                           0x20001020   Data           4  stdio_streams.o(.data)
    __aeabi_stderr                           0x20001024   Data           4  stdio_streams.o(.data)
    __stdin                                  0x20001028   Data          84  stdio_streams.o(.bss)
    __stdout                                 0x2000107c   Data          84  stdio_streams.o(.bss)
    __stderr                                 0x200010d0   Data          84  stdio_streams.o(.bss)
    __libspace_start                         0x20001124   Data          96  libspace.o(.bss)
    __temporary_stack_top$libspace           0x20001184   Data           0  libspace.o(.bss)
    __heap_base                              0x20001188   Data           0  startup_armcm4.o(HEAP)
    __heap_limit                             0x20001d88   Data           0  startup_armcm4.o(HEAP)
    __stack_limit                            0x20001d88   Data           0  startup_armcm4.o(STACK)
    Image$$ZI$$Limit                         0x20002188   Number         0  anon$$obj.o ABSOLUTE
    __initial_sp                             0x20002188   Data           0  startup_armcm4.o(STACK)



==============================================================================

Memory Map of the image

  Image Entry point : 0x000004dd

  Load Region LR_1 (Base: 0x00000000, Size: 0x00005070, Max: 0xffffffff, ABSOLUTE, COMPRESSED[0x00004eb8])

    Execution Region ER_RO (Exec base: 0x00000000, Load base: 0x00000000, Size: 0x00004048, Max: 0xffffffff, ABSOLUTE)

    Exec Addr    Load Addr    Size         Type   Attr      Idx    E Section Name        Object

    0x00000000   0x00000000   0x000003c0   Data   RO          187    RESET               startup_armcm4.o
    0x000003c0   0x000003c0   0x00000008   Code   RO          290  * !!!main             c_w.l(__main.o)
    0x000003c8   0x000003c8   0x00000034   Code   RO          802    !!!scatter          c_w.l(__scatter.o)
    0x000003fc   0x000003fc   0x00000064   Code   RO          800    !!dclz77c           c_w.l(__dclz77c.o)
    0x00000460   0x00000460   0x0000001c   Code   RO          804    !!handler_zi        c_w.l(__scatter_zi.o)
    0x0000047c   0x0000047c   0x00000000   Code   RO          285    .ARM.Collect$$_printf_percent$$00000000  c_w.l(_printf_percent.o)
    0x0000047c   0x0000047c   0x00000006   Code   RO          284    .ARM.Collect$$_printf_percent$$00000003  c_w.l(_printf_f.o)
    0x00000482   0x00000482   0x00000004   Code   RO          331    .ARM.Collect$$_printf_percent$$00000017  c_w.l(_printf_percent_end.o)
    0x00000486   0x00000486   0x00000002   Code   RO          585    .ARM.Collect$$libinit$$00000000  c_w.l(libinit.o)
    0x00000488   0x00000488   0x00000004   Code   RO          586    .ARM.Collect$$libinit$$00000001  c_w.l(libinit2.o)
    0x0000048c   0x0000048c   0x00000000   Code   RO          589    .ARM.Collect$$libinit$$00000004  c_w.l(libinit2.o)
    0x0000048c   0x0000048c   0x00000008   Code   RO          706    .ARM.Collect$$libinit$$00000006  c_w.l(libinit3.o)
    0x00000494   0x00000494   0x00000000   Code   RO          592    .ARM.Collect$$libinit$$0000000A  c_w.l(libinit2.o)
    0x00000494   0x00000494   0x00000000   Code   RO          594    .ARM.Collect$$libinit$$0000000C  c_w.l(libinit2.o)
    0x00000494   0x00000494   0x00000000   Code   RO          596    .ARM.Collect$$libinit$$0000000E  c_w.l(libinit2.o)
    0x00000494   0x00000494   0x00000006   Code   RO          597    .ARM.Collect$$libinit$$0000000F  c_w.l(libinit2.o)
    0x0000049a   0x0000049a   0x00000000   Code   RO          599    .ARM.Collect$$libinit$$00000011  c_w.l(libinit2.o)
    0x0000049a   0x0000049a   0x00000000   Code   RO          601    .ARM.Collect$$libinit$$00000013  c_w.l(libinit2.o)
    0x0000049a   0x0000049a   0x00000000   Code   RO          603    .ARM.Collect$$libinit$$00000015  c_w.l(libinit2.o)
    0x0000049a   0x0000049a   0x0000000a   Code   RO          604    .ARM.Collect$$libinit$$00000016  c_w.l(libinit2.o)
    0x000004a4   0x000004a4   0x00000000   Code   RO          605    .ARM.Collect$$libinit$$00000017  c_w.l(libinit2.o)
    0x000004a4   0x000004a4   0x00000000   Code   RO          607    .ARM.Collect$$libinit$$00000019  c_w.l(libinit2.o)
    0x000004a4   0x000004a4   0x00000000   Code   RO          609    .ARM.Collect$$libinit$$0000001B  c_w.l(libinit2.o)
    0x000004a4   0x000004a4   0x00000000   Code   RO          611    .ARM.Collect$$libinit$$0000001D  c_w.l(libinit2.o)
    0x000004a4   0x000004a4   0x00000000   Code   RO          613    .ARM.Collect$$libinit$$0000001F  c_w.l(libinit2.o)
    0x000004a4   0x000004a4   0x00000000   Code   RO          615    .ARM.Collect$$libinit$$00000021  c_w.l(libinit2.o)
    0x000004a4   0x000004a4   0x00000000   Code   RO          617    .ARM.Collect$$libinit$$00000023  c_w.l(libinit2.o)
    0x000004a4   0x000004a4   0x00000004   Code   RO          618    .ARM.Collect$$libinit$$00000024  c_w.l(libinit2.o)
    0x000004a8   0x000004a8   0x00000000   Code   RO          619    .ARM.Collect$$libinit$$00000025  c_w.l(libinit2.o)
    0x000004a8   0x000004a8   0x00000000   Code   RO          623    .ARM.Collect$$libinit$$0000002C  c_w.l(libinit2.o)
    0x000004a8   0x000004a8   0x00000000   Code   RO          625    .ARM.Collect$$libinit$$0000002E  c_w.l(libinit2.o)
    0x000004a8   0x000004a8   0x00000000   Code   RO          627    .ARM.Collect$$libinit$$00000030  c_w.l(libinit2.o)
    0x000004a8   0x000004a8   0x00000000   Code   RO          629    .ARM.Collect$$libinit$$00000032  c_w.l(libinit2.o)
    0x000004a8   0x000004a8   0x00000002   Code   RO          630    .ARM.Collect$$libinit$$00000033  c_w.l(libinit2.o)
    0x000004aa   0x000004aa   0x00000002   PAD
    0x000004ac   0x000004ac   0x00000008   Code   RO          707    .ARM.Collect$$libinit$$00002717  c_w.l(libinit3.o)
    0x000004b4   0x000004b4   0x00000002   Code   RO          779    .ARM.Collect$$libshutdown$$00000000  c_w.l(libshutdown.o)
    0x000004b6   0x000004b6   0x00000000   Code   RO          632    .ARM.Collect$$libshutdown$$00000002  c_w.l(libshutdown2.o)
    0x000004b6   0x000004b6   0x00000004   Code   RO          633    .ARM.Collect$$libshutdown$$00000003  c_w.l(libshutdown2.o)
    0x000004ba   0x000004ba   0x00000000   Code   RO          634    .ARM.Collect$$libshutdown$$00000004  c_w.l(libshutdown2.o)
    0x000004ba   0x000004ba   0x00000000   Code   RO          637    .ARM.Collect$$libshutdown$$00000007  c_w.l(libshutdown2.o)
    0x000004ba   0x000004ba   0x00000000   Code   RO          640    .ARM.Collect$$libshutdown$$0000000A  c_w.l(libshutdown2.o)
    0x000004ba   0x000004ba   0x00000000   Code   RO          642    .ARM.Collect$$libshutdown$$0000000C  c_w.l(libshutdown2.o)
    0x000004ba   0x000004ba   0x00000000   Code   RO          645    .ARM.Collect$$libshutdown$$0000000F  c_w.l(libshutdown2.o)
    0x000004ba   0x000004ba   0x00000002   Code   RO          646    .ARM.Collect$$libshutdown$$00000010  c_w.l(libshutdown2.o)
    0x000004bc   0x000004bc   0x00000000   Code   RO          324    .ARM.Collect$$rtentry$$00000000  c_w.l(__rtentry.o)
    0x000004bc   0x000004bc   0x00000000   Code   RO          409    .ARM.Collect$$rtentry$$00000002  c_w.l(__rtentry2.o)
    0x000004bc   0x000004bc   0x00000004   Code   RO          423    .ARM.Collect$$rtentry$$00000005  c_w.l(__rtentry5.o)
    0x000004c0   0x000004c0   0x00000000   Code   RO          411    .ARM.Collect$$rtentry$$00000009  c_w.l(__rtentry2.o)
    0x000004c0   0x000004c0   0x00000004   Code   RO          412    .ARM.Collect$$rtentry$$0000000A  c_w.l(__rtentry2.o)
    0x000004c4   0x000004c4   0x00000000   Code   RO          414    .ARM.Collect$$rtentry$$0000000C  c_w.l(__rtentry2.o)
    0x000004c4   0x000004c4   0x00000008   Code   RO          415    .ARM.Collect$$rtentry$$0000000D  c_w.l(__rtentry2.o)
    0x000004cc   0x000004cc   0x00000004   Code   RO          424    .ARM.Collect$$rtentry$$00002716  c_w.l(__rtentry5.o)
    0x000004d0   0x000004d0   0x00000002   Code   RO          655    .ARM.Collect$$rtexit$$00000000  c_w.l(rtexit.o)
    0x000004d2   0x000004d2   0x00000000   Code   RO          720    .ARM.Collect$$rtexit$$00000002  c_w.l(rtexit2.o)
    0x000004d2   0x000004d2   0x00000004   Code   RO          721    .ARM.Collect$$rtexit$$00000003  c_w.l(rtexit2.o)
    0x000004d6   0x000004d6   0x00000006   Code   RO          722    .ARM.Collect$$rtexit$$00000004  c_w.l(rtexit2.o)
    0x000004dc   0x000004dc   0x00000000   Code   RO          726    .emb_text           c_w.l(maybetermalloc1.o)
    0x000004dc   0x000004dc   0x00000038   Code   RO          188  * .text               startup_armcm4.o
    0x00000514   0x00000514   0x00000018   Code   RO          260    .text               c_w.l(noretval__2printf.o)
    0x0000052c   0x0000052c   0x00000068   Code   RO          262    .text               c_w.l(__printf.o)
    0x00000594   0x00000594   0x00000080   Code   RO          286    .text               c_w.l(strcmpv7m.o)
    0x00000614   0x00000614   0x00000006   Code   RO          288    .text               c_w.l(heapauxi.o)
    0x0000061a   0x0000061a   0x00000016   Code   RO          325    .text               c_w.l(_rserrno.o)
    0x00000630   0x00000630   0x0000041e   Code   RO          327    .text               c_w.l(_printf_fp_dec.o)
    0x00000a4e   0x00000a4e   0x00000002   PAD
    0x00000a50   0x00000a50   0x00000024   Code   RO          329    .text               c_w.l(_printf_char_file.o)
    0x00000a74   0x00000a74   0x00000008   Code   RO          431    .text               c_w.l(rt_locale_intlibspace.o)
    0x00000a7c   0x00000a7c   0x00000008   Code   RO          436    .text               c_w.l(rt_errno_addr_intlibspace.o)
    0x00000a84   0x00000a84   0x0000008a   Code   RO          438    .text               c_w.l(lludiv10.o)
    0x00000b0e   0x00000b0e   0x00000002   PAD
    0x00000b10   0x00000b10   0x00000030   Code   RO          440    .text               c_w.l(_printf_char_common.o)
    0x00000b40   0x00000b40   0x00000080   Code   RO          442    .text               c_w.l(_printf_fp_infnan.o)
    0x00000bc0   0x00000bc0   0x000000e4   Code   RO          444    .text               c_w.l(bigflt0.o)
    0x00000ca4   0x00000ca4   0x00000008   Code   RO          469    .text               c_w.l(ferror.o)
    0x00000cac   0x00000cac   0x00000138   Code   RO          475    .text               c_w.l(initio.o)
    0x00000de4   0x00000de4   0x0000004e   Code   RO          503    .text               c_w.l(h1_free.o)
    0x00000e32   0x00000e32   0x000001d6   Code   RO          559    .text               c_w.l(flsbuf.o)
    0x00001008   0x00001008   0x00000046   Code   RO          561    .text               c_w.l(setvbuf.o)
    0x0000104e   0x0000104e   0x00000002   PAD
    0x00001050   0x00001050   0x000000ec   Code   RO          564    .text               c_w.l(fopen.o)
    0x0000113c   0x0000113c   0x0000004c   Code   RO          566    .text               c_w.l(fclose.o)
    0x00001188   0x00001188   0x00000012   Code   RO          572    .text               c_w.l(exit.o)
    0x0000119a   0x0000119a   0x0000000e   Code   RO          574    .text               c_w.l(defsig_rtred_outer.o)
    0x000011a8   0x000011a8   0x0000004e   Code   RO          578    .text               c_w.l(rt_memclr_w.o)
    0x000011f6   0x000011f6   0x00000002   PAD
    0x000011f8   0x000011f8   0x00000008   Code   RO          662    .text               c_w.l(rt_heap_descriptor_intlibspace.o)
    0x00001200   0x00001200   0x00000004   Code   RO          664    .text               c_w.l(hguard.o)
    0x00001204   0x00001204   0x0000008a   Code   RO          666    .text               c_w.l(init_alloc.o)
    0x0000128e   0x0000128e   0x0000005e   Code   RO          672    .text               c_w.l(h1_alloc.o)
    0x000012ec   0x000012ec   0x000000f8   Code   RO          688    .text               c_w.l(fseek.o)
    0x000013e4   0x000013e4   0x000000f0   Code   RO          690    .text               c_w.l(stdio.o)
    0x000014d4   0x000014d4   0x0000000a   Code   RO          696    .text               c_w.l(defsig_exit.o)
    0x000014de   0x000014de   0x00000002   PAD
    0x000014e0   0x000014e0   0x00000034   Code   RO          698    .text               c_w.l(defsig_rtred_inner.o)
    0x00001514   0x00001514   0x0000000c   Code   RO          714    .text               c_w.l(sys_exit.o)
    0x00001520   0x00001520   0x00000002   Code   RO          716    .text               c_w.l(use_no_semi.o)
    0x00001522   0x00001522   0x00000000   Code   RO          718    .text               c_w.l(indicate_semi.o)
    0x00001522   0x00001522   0x0000000e   Code   RO          728    .text               c_w.l(h1_init.o)
    0x00001530   0x00001530   0x00000034   Code   RO          730    .text               c_w.l(h1_extend.o)
    0x00001564   0x00001564   0x00000042   Code   RO          740    .text               c_w.l(ftell.o)
    0x000015a6   0x000015a6   0x00000032   Code   RO          748    .text               c_w.l(defsig_general.o)
    0x000015d8   0x000015d8   0x0000000e   Code   RO          750    .text               c_w.l(defsig_rtmem_outer.o)
    0x000015e6   0x000015e6   0x0000000e   Code   RO          765    .text               c_w.l(sys_wrch.o)
    0x000015f4   0x000015f4   0x00000050   Code   RO          773    .text               c_w.l(defsig_rtmem_inner.o)
    0x00001644   0x00001644   0x000000fc   Code   RO          246    .text.arm_std_f32   arm_cortexM4lf_math.lib(arm_std_f32.o)
    0x00001740   0x00001740   0x0000003e   Code   RO          447    CL$$btod_d2e        c_w.l(btod.o)
    0x0000177e   0x0000177e   0x00000046   Code   RO          449    CL$$btod_d2e_denorm_low  c_w.l(btod.o)
    0x000017c4   0x000017c4   0x00000060   Code   RO          448    CL$$btod_d2e_norm_op1  c_w.l(btod.o)
    0x00001824   0x00001824   0x00000338   Code   RO          457    CL$$btod_div_common  c_w.l(btod.o)
    0x00001b5c   0x00001b5c   0x000000dc   Code   RO          454    CL$$btod_e2e        c_w.l(btod.o)
    0x00001c38   0x00001c38   0x0000002a   Code   RO          451    CL$$btod_ediv       c_w.l(btod.o)
    0x00001c62   0x00001c62   0x0000002a   Code   RO          450    CL$$btod_emul       c_w.l(btod.o)
    0x00001c8c   0x00001c8c   0x00000244   Code   RO          456    CL$$btod_mult_common  c_w.l(btod.o)
    0x00001ed0   0x00001ed0   0x00000030   Code   RO           98    i.ITM_SendChar      retarget_io.o
    0x00001f00   0x00001f00   0x00000030   Code   RO          196    i.SystemInit        system_armcm4.o
    0x00001f30   0x00001f30   0x00000030   Code   RO          391    i.__ARM_fpclassify  m_wm.l(fpclassify.o)
    0x00001f60   0x00001f60   0x00000c50   Code   RO          298    i.__hardfp_pow      m_wm.l(pow.o)
    0x00002bb0   0x00002bb0   0x0000003a   Code   RO          312    i.__hardfp_sqrtf    m_wm.l(sqrtf.o)
    0x00002bea   0x00002bea   0x000000f8   Code   RO          393    i.__kernel_poly     m_wm.l(poly.o)
    0x00002ce2   0x00002ce2   0x00000006   PAD
    0x00002ce8   0x00002ce8   0x00000030   Code   RO          371    i.__mathlib_dbl_divzero  m_wm.l(dunder.o)
    0x00002d18   0x00002d18   0x00000014   Code   RO          373    i.__mathlib_dbl_infnan2  m_wm.l(dunder.o)
    0x00002d2c   0x00002d2c   0x00000004   PAD
    0x00002d30   0x00002d30   0x00000020   Code   RO          374    i.__mathlib_dbl_invalid  m_wm.l(dunder.o)
    0x00002d50   0x00002d50   0x00000020   Code   RO          375    i.__mathlib_dbl_overflow  m_wm.l(dunder.o)
    0x00002d70   0x00002d70   0x00000020   Code   RO          377    i.__mathlib_dbl_underflow  m_wm.l(dunder.o)
    0x00002d90   0x00002d90   0x00000026   Code   RO           99    i._sys_close        retarget_io.o
    0x00002db6   0x00002db6   0x00000024   Code   RO          100    i._sys_flen         retarget_io.o
    0x00002dda   0x00002dda   0x00000024   Code   RO          101    i._sys_istty        retarget_io.o
    0x00002dfe   0x00002dfe   0x00000002   PAD
    0x00002e00   0x00002e00   0x00000068   Code   RO          102    i._sys_open         retarget_io.o
    0x00002e68   0x00002e68   0x0000002c   Code   RO          104    i._sys_seek         retarget_io.o
    0x00002e94   0x00002e94   0x00000046   Code   RO          105    i._sys_write        retarget_io.o
    0x00002eda   0x00002eda   0x00000002   PAD
    0x00002edc   0x00002edc   0x000000c0   Code   RO           67    i.c_stdev           c_stdev.o
    0x00002f9c   0x00002f9c   0x00000018   Code   RO          387    i.fabs              m_wm.l(fabs.o)
    0x00002fb4   0x00002fb4   0x0000001a   Code   RO          472    i.fputc             c_w.l(fputc.o)
    0x00002fce   0x00002fce   0x00000002   PAD
    0x00002fd0   0x00002fd0   0x000000c0   Code   RO            4    i.main              main.o
    0x00003090   0x00003090   0x0000006e   Code   RO          398    i.sqrt              m_wm.l(sqrt.o)
    0x000030fe   0x000030fe   0x0000000c   Code   RO          106    i.stdout_putchar    retarget_io.o
    0x0000310a   0x0000310a   0x00000002   PAD
    0x0000310c   0x0000310c   0x0000002c   Code   RO          484    locale$$code        c_w.l(lc_numeric_c.o)
    0x00003138   0x00003138   0x00000070   Code   RO           91    test                asm_stdev.o
    0x000031a8   0x000031a8   0x00000018   Code   RO          338    x$fpl$basic         fz_wm.l(basic.o)
    0x000031c0   0x000031c0   0x00000062   Code   RO          292    x$fpl$d2f           fz_wm.l(d2f.o)
    0x00003222   0x00003222   0x00000002   PAD
    0x00003224   0x00003224   0x00000150   Code   RO          340    x$fpl$dadd          fz_wm.l(daddsub_clz.o)
    0x00003374   0x00003374   0x00000010   Code   RO          486    x$fpl$dcheck1       fz_wm.l(dcheck1.o)
    0x00003384   0x00003384   0x00000018   Code   RO          649    x$fpl$dcmpinf       fz_wm.l(dcmpi.o)
    0x0000339c   0x0000339c   0x000002b0   Code   RO          347    x$fpl$ddiv          fz_wm.l(ddiv.o)
    0x0000364c   0x0000364c   0x0000002e   Code   RO          351    x$fpl$dflt          fz_wm.l(dflt_clz.o)
    0x0000367a   0x0000367a   0x00000002   PAD
    0x0000367c   0x0000367c   0x00000078   Code   RO          488    x$fpl$dleqf         fz_wm.l(dleqf.o)
    0x000036f4   0x000036f4   0x00000154   Code   RO          356    x$fpl$dmul          fz_wm.l(dmul.o)
    0x00003848   0x00003848   0x0000009c   Code   RO          358    x$fpl$dnaninf       fz_wm.l(dnaninf.o)
    0x000038e4   0x000038e4   0x0000000c   Code   RO          360    x$fpl$dretinf       fz_wm.l(dretinf.o)
    0x000038f0   0x000038f0   0x0000006c   Code   RO          362    x$fpl$drleqf        fz_wm.l(drleqf.o)
    0x0000395c   0x0000395c   0x00000016   Code   RO          341    x$fpl$drsb          fz_wm.l(daddsub_clz.o)
    0x00003972   0x00003972   0x00000002   PAD
    0x00003974   0x00003974   0x00000198   Code   RO          490    x$fpl$dsqrt         fz_wm.l(dsqrt_umaal.o)
    0x00003b0c   0x00003b0c   0x000001d4   Code   RO          342    x$fpl$dsub          fz_wm.l(daddsub_clz.o)
    0x00003ce0   0x00003ce0   0x00000056   Code   RO          294    x$fpl$f2d           fz_wm.l(f2d.o)
    0x00003d36   0x00003d36   0x0000008c   Code   RO          364    x$fpl$fnaninf       fz_wm.l(fnaninf.o)
    0x00003dc2   0x00003dc2   0x0000000a   Code   RO          710    x$fpl$fpinit        fz_wm.l(fpinit.o)
    0x00003dcc   0x00003dcc   0x0000000a   Code   RO          366    x$fpl$fretinf       fz_wm.l(fretinf.o)
    0x00003dd6   0x00003dd6   0x00000004   Code   RO          296    x$fpl$printf1       fz_wm.l(printf1.o)
    0x00003dda   0x00003dda   0x00000064   Code   RO          651    x$fpl$retnan        fz_wm.l(retnan.o)
    0x00003e3e   0x00003e3e   0x0000005c   Code   RO          368    x$fpl$scalbn        fz_wm.l(scalbn.o)
    0x00003e9a   0x00003e9a   0x00000030   Code   RO          712    x$fpl$trapveneer    fz_wm.l(trapv.o)
    0x00003eca   0x00003eca   0x00000000   Code   RO          370    x$fpl$usenofp       fz_wm.l(usenofp.o)
    0x00003eca   0x00003eca   0x00000017   Data   RO          107    .constdata          retarget_io.o
    0x00003ee1   0x00003ee1   0x00000007   PAD
    0x00003ee8   0x00003ee8   0x00000088   Data   RO          301    .constdata          m_wm.l(pow.o)
    0x00003f70   0x00003f70   0x00000008   Data   RO          395    .constdata          m_wm.l(qnan.o)
    0x00003f78   0x00003f78   0x00000094   Data   RO          445    .constdata          c_w.l(bigflt0.o)
    0x0000400c   0x0000400c   0x00000020   Data   RO          798    Region$$Table       anon$$obj.o
    0x0000402c   0x0000402c   0x0000001c   Data   RO          483    locale$$data        c_w.l(lc_numeric_c.o)


    Execution Region ER_RW (Exec base: 0x20000000, Load base: 0x00004048, Size: 0x00001028, Max: 0xffffffff, ABSOLUTE, COMPRESSED[0x00000e70])

    Exec Addr    Load Addr    Size         Type   Attr      Idx    E Section Name        Object

    0x20000000   COMPRESSED   0x00001018   Data   RW            6    .data               main.o
    0x20001018   COMPRESSED   0x00000004   Data   RW          197    .data               system_armcm4.o
    0x2000101c   COMPRESSED   0x00000004   Data   RW          335    .data               c_w.l(stdio_streams.o)
    0x20001020   COMPRESSED   0x00000004   Data   RW          336    .data               c_w.l(stdio_streams.o)
    0x20001024   COMPRESSED   0x00000004   Data   RW          337    .data               c_w.l(stdio_streams.o)


    Execution Region ER_ZI (Exec base: 0x20001028, Load base: 0x00004eb8, Size: 0x00001160, Max: 0xffffffff, ABSOLUTE)

    Exec Addr    Load Addr    Size         Type   Attr      Idx    E Section Name        Object

    0x20001028        -       0x00000054   Zero   RW          332    .bss                c_w.l(stdio_streams.o)
    0x2000107c        -       0x00000054   Zero   RW          333    .bss                c_w.l(stdio_streams.o)
    0x200010d0        -       0x00000054   Zero   RW          334    .bss                c_w.l(stdio_streams.o)
    0x20001124        -       0x00000060   Zero   RW          495    .bss                c_w.l(libspace.o)
    0x20001184   0x00004eb8   0x00000004   PAD
    0x20001188        -       0x00000c00   Zero   RW          186    HEAP                startup_armcm4.o
    0x20001d88        -       0x00000400   Zero   RW          185    STACK               startup_armcm4.o


==============================================================================

Image component sizes


      Code (inc. data)   RO Data    RW Data    ZI Data      Debug   Object Name

       112          0          0          0          0        260   asm_stdev.o
       192         14          0          0          0        890   c_stdev.o
       192         56          0       4120          0       6259   main.o
       388         30         23          0          0       7266   retarget_io.o
        56         10        960          0       4096       1224   startup_armcm4.o
        48         18          0          4          0        727   system_armcm4.o

    ----------------------------------------------------------------------
       994        128       1022       4124       4096      16626   Object Totals
         0          0         32          0          0          0   (incl. Generated)
         6          0          7          0          0          0   (incl. Padding)

    ----------------------------------------------------------------------

      Code (inc. data)   RO Data    RW Data    ZI Data      Debug   Library Member Name

       252          4          0          0          0       1939   arm_std_f32.o
       100          0          0          0          0          0   __dclz77c.o
         8          0          0          0          0         68   __main.o
       104          0          0          0          0         84   __printf.o
         0          0          0          0          0          0   __rtentry.o
        12          0          0          0          0          0   __rtentry2.o
         8          4          0          0          0          0   __rtentry5.o
        52          8          0          0          0          0   __scatter.o
        28          0          0          0          0          0   __scatter_zi.o
        48          6          0          0          0         96   _printf_char_common.o
        36          4          0          0          0         80   _printf_char_file.o
         6          0          0          0          0          0   _printf_f.o
      1054          0          0          0          0        216   _printf_fp_dec.o
       128         16          0          0          0         84   _printf_fp_infnan.o
         0          0          0          0          0          0   _printf_percent.o
         4          0          0          0          0          0   _printf_percent_end.o
        22          0          0          0          0        100   _rserrno.o
       228          4        148          0          0         96   bigflt0.o
      1936        128          0          0          0        672   btod.o
        10          0          0          0          0         68   defsig_exit.o
        50          0          0          0          0         88   defsig_general.o
        80         58          0          0          0         76   defsig_rtmem_inner.o
        14          0          0          0          0         80   defsig_rtmem_outer.o
        52         38          0          0          0         76   defsig_rtred_inner.o
        14          0          0          0          0         80   defsig_rtred_outer.o
        18          0          0          0          0         80   exit.o
        76          0          0          0          0         88   fclose.o
         8          0          0          0          0         68   ferror.o
       470          0          0          0          0         88   flsbuf.o
       236          4          0          0          0        128   fopen.o
        26          0          0          0          0         68   fputc.o
       248          6          0          0          0         84   fseek.o
        66          0          0          0          0         76   ftell.o
        94          0          0          0          0         80   h1_alloc.o
        52          0          0          0          0         68   h1_extend.o
        78          0          0          0          0         80   h1_free.o
        14          0          0          0          0         84   h1_init.o
         6          0          0          0          0        152   heapauxi.o
         4          0          0          0          0        136   hguard.o
         0          0          0          0          0          0   indicate_semi.o
       138          0          0          0          0        168   init_alloc.o
       312         46          0          0          0        112   initio.o
        44         10         28          0          0         76   lc_numeric_c.o
         2          0          0          0          0          0   libinit.o
        26          0          0          0          0          0   libinit2.o
        16          8          0          0          0          0   libinit3.o
         2          0          0          0          0          0   libshutdown.o
         6          0          0          0          0          0   libshutdown2.o
         0          0          0          0         96          0   libspace.o
       138          0          0          0          0         80   lludiv10.o
         0          0          0          0          0          0   maybetermalloc1.o
        24          4          0          0          0         84   noretval__2printf.o
         8          4          0          0          0         68   rt_errno_addr_intlibspace.o
         8          4          0          0          0         68   rt_heap_descriptor_intlibspace.o
         8          4          0          0          0         68   rt_locale_intlibspace.o
        78          0          0          0          0         80   rt_memclr_w.o
         2          0          0          0          0          0   rtexit.o
        10          0          0          0          0          0   rtexit2.o
        70          0          0          0          0         80   setvbuf.o
       240          6          0          0          0        156   stdio.o
         0          0          0         12        252          0   stdio_streams.o
       128          0          0          0          0         68   strcmpv7m.o
        12          4          0          0          0         68   sys_exit.o
        14          0          0          0          0         76   sys_wrch.o
         2          0          0          0          0         68   use_no_semi.o
        24          0          0          0          0        164   basic.o
        98          4          0          0          0        140   d2f.o
       826         16          0          0          0        492   daddsub_clz.o
        16          4          0          0          0        116   dcheck1.o
        24          0          0          0          0        116   dcmpi.o
       688        140          0          0          0        256   ddiv.o
        46          0          0          0          0        116   dflt_clz.o
       120          4          0          0          0        140   dleqf.o
       340         12          0          0          0        152   dmul.o
       156          4          0          0          0        140   dnaninf.o
        12          0          0          0          0        116   dretinf.o
       108          0          0          0          0        128   drleqf.o
       408         56          0          0          0        168   dsqrt_umaal.o
        86          4          0          0          0        132   f2d.o
       140          4          0          0          0        132   fnaninf.o
        10          0          0          0          0        116   fpinit.o
        10          0          0          0          0        116   fretinf.o
         4          0          0          0          0        116   printf1.o
       100          0          0          0          0        116   retnan.o
        92          0          0          0          0        116   scalbn.o
        48          0          0          0          0        116   trapv.o
         0          0          0          0          0          0   usenofp.o
       164         44          0          0          0        620   dunder.o
        24          0          0          0          0        124   fabs.o
        48          0          0          0          0        124   fpclassify.o
       248          0          0          0          0        152   poly.o
      3152        296        136          0          0        352   pow.o
         0          0          8          0          0          0   qnan.o
       110          0          0          0          0        148   sqrt.o
        58          0          0          0          0        136   sqrtf.o

    ----------------------------------------------------------------------
     14120        958        320         12        352      11363   Library Totals
        30          0          0          0          4          0   (incl. Padding)

    ----------------------------------------------------------------------

      Code (inc. data)   RO Data    RW Data    ZI Data      Debug   Library Name

       252          4          0          0          0       1939   arm_cortexM4lf_math.lib
      6678        366        176         12        348       4564   c_w.l
      3356        248          0          0          0       3204   fz_wm.l
      3804        340        144          0          0       1656   m_wm.l

    ----------------------------------------------------------------------
     14120        958        320         12        352      11363   Library Totals

    ----------------------------------------------------------------------

==============================================================================


      Code (inc. data)   RO Data    RW Data    ZI Data      Debug   

     15114       1086       1342       4136       4448      21341   Grand Totals
     15114       1086       1342       3696       4448      21341   ELF Image Totals (compressed)
     15114       1086       1342       3696          0          0   ROM Totals

==============================================================================

    Total RO  Size (Code + RO Data)                16456 (  16.07kB)
    Total RW  Size (RW Data + ZI Data)              8584 (   8.38kB)
    Total ROM Size (Code + RO Data + RW Data)      20152 (  19.68kB)

==============================================================================

